Archive member included to satisfy reference by file (symbol)

C:/ST/STM32CubeIDE_1.11.2/STM32CubeIDE/plugins/com.st.stm32cube.ide.mcu.externaltools.gnu-tools-for-stm32.13.3.rel1.win32_1.0.0.202411081344/tools/bin/../lib/gcc/arm-none-eabi/13.3.1/../../../../arm-none-eabi/lib/thumb/v6-m/nofp\libc_nano.a(libc_a-exit.o)
                              C:/ST/STM32CubeIDE_1.11.2/STM32CubeIDE/plugins/com.st.stm32cube.ide.mcu.externaltools.gnu-tools-for-stm32.13.3.rel1.win32_1.0.0.202411081344/tools/bin/../lib/gcc/arm-none-eabi/13.3.1/../../../../arm-none-eabi/lib/thumb/v6-m/nofp/crt0.o (exit)
C:/ST/STM32CubeIDE_1.11.2/STM32CubeIDE/plugins/com.st.stm32cube.ide.mcu.externaltools.gnu-tools-for-stm32.13.3.rel1.win32_1.0.0.202411081344/tools/bin/../lib/gcc/arm-none-eabi/13.3.1/../../../../arm-none-eabi/lib/thumb/v6-m/nofp\libc_nano.a(libc_a-findfp.o)
                              C:/ST/STM32CubeIDE_1.11.2/STM32CubeIDE/plugins/com.st.stm32cube.ide.mcu.externaltools.gnu-tools-for-stm32.13.3.rel1.win32_1.0.0.202411081344/tools/bin/../lib/gcc/arm-none-eabi/13.3.1/../../../../arm-none-eabi/lib/thumb/v6-m/nofp\libc_nano.a(libc_a-exit.o) (__stdio_exit_handler)
C:/ST/STM32CubeIDE_1.11.2/STM32CubeIDE/plugins/com.st.stm32cube.ide.mcu.externaltools.gnu-tools-for-stm32.13.3.rel1.win32_1.0.0.202411081344/tools/bin/../lib/gcc/arm-none-eabi/13.3.1/../../../../arm-none-eabi/lib/thumb/v6-m/nofp\libc_nano.a(libc_a-fwalk.o)
                              C:/ST/STM32CubeIDE_1.11.2/STM32CubeIDE/plugins/com.st.stm32cube.ide.mcu.externaltools.gnu-tools-for-stm32.13.3.rel1.win32_1.0.0.202411081344/tools/bin/../lib/gcc/arm-none-eabi/13.3.1/../../../../arm-none-eabi/lib/thumb/v6-m/nofp\libc_nano.a(libc_a-findfp.o) (_fwalk_sglue)
C:/ST/STM32CubeIDE_1.11.2/STM32CubeIDE/plugins/com.st.stm32cube.ide.mcu.externaltools.gnu-tools-for-stm32.13.3.rel1.win32_1.0.0.202411081344/tools/bin/../lib/gcc/arm-none-eabi/13.3.1/../../../../arm-none-eabi/lib/thumb/v6-m/nofp\libc_nano.a(libc_a-sprintf.o)
                              ./Core/Src/utilities/UtilityUART.o (sprintf)
C:/ST/STM32CubeIDE_1.11.2/STM32CubeIDE/plugins/com.st.stm32cube.ide.mcu.externaltools.gnu-tools-for-stm32.13.3.rel1.win32_1.0.0.202411081344/tools/bin/../lib/gcc/arm-none-eabi/13.3.1/../../../../arm-none-eabi/lib/thumb/v6-m/nofp\libc_nano.a(libc_a-stdio.o)
                              C:/ST/STM32CubeIDE_1.11.2/STM32CubeIDE/plugins/com.st.stm32cube.ide.mcu.externaltools.gnu-tools-for-stm32.13.3.rel1.win32_1.0.0.202411081344/tools/bin/../lib/gcc/arm-none-eabi/13.3.1/../../../../arm-none-eabi/lib/thumb/v6-m/nofp\libc_nano.a(libc_a-findfp.o) (__sread)
C:/ST/STM32CubeIDE_1.11.2/STM32CubeIDE/plugins/com.st.stm32cube.ide.mcu.externaltools.gnu-tools-for-stm32.13.3.rel1.win32_1.0.0.202411081344/tools/bin/../lib/gcc/arm-none-eabi/13.3.1/../../../../arm-none-eabi/lib/thumb/v6-m/nofp\libc_nano.a(libc_a-memset.o)
                              C:/ST/STM32CubeIDE_1.11.2/STM32CubeIDE/plugins/com.st.stm32cube.ide.mcu.externaltools.gnu-tools-for-stm32.13.3.rel1.win32_1.0.0.202411081344/tools/bin/../lib/gcc/arm-none-eabi/13.3.1/../../../../arm-none-eabi/lib/thumb/v6-m/nofp/crt0.o (memset)
C:/ST/STM32CubeIDE_1.11.2/STM32CubeIDE/plugins/com.st.stm32cube.ide.mcu.externaltools.gnu-tools-for-stm32.13.3.rel1.win32_1.0.0.202411081344/tools/bin/../lib/gcc/arm-none-eabi/13.3.1/../../../../arm-none-eabi/lib/thumb/v6-m/nofp\libc_nano.a(libc_a-strcat.o)
                              ./Core/Src/utilities/UtilityUART.o (strcat)
C:/ST/STM32CubeIDE_1.11.2/STM32CubeIDE/plugins/com.st.stm32cube.ide.mcu.externaltools.gnu-tools-for-stm32.13.3.rel1.win32_1.0.0.202411081344/tools/bin/../lib/gcc/arm-none-eabi/13.3.1/../../../../arm-none-eabi/lib/thumb/v6-m/nofp\libc_nano.a(libc_a-closer.o)
                              C:/ST/STM32CubeIDE_1.11.2/STM32CubeIDE/plugins/com.st.stm32cube.ide.mcu.externaltools.gnu-tools-for-stm32.13.3.rel1.win32_1.0.0.202411081344/tools/bin/../lib/gcc/arm-none-eabi/13.3.1/../../../../arm-none-eabi/lib/thumb/v6-m/nofp\libc_nano.a(libc_a-stdio.o) (_close_r)
C:/ST/STM32CubeIDE_1.11.2/STM32CubeIDE/plugins/com.st.stm32cube.ide.mcu.externaltools.gnu-tools-for-stm32.13.3.rel1.win32_1.0.0.202411081344/tools/bin/../lib/gcc/arm-none-eabi/13.3.1/../../../../arm-none-eabi/lib/thumb/v6-m/nofp\libc_nano.a(libc_a-reent.o)
                              C:/ST/STM32CubeIDE_1.11.2/STM32CubeIDE/plugins/com.st.stm32cube.ide.mcu.externaltools.gnu-tools-for-stm32.13.3.rel1.win32_1.0.0.202411081344/tools/bin/../lib/gcc/arm-none-eabi/13.3.1/../../../../arm-none-eabi/lib/thumb/v6-m/nofp\libc_nano.a(libc_a-closer.o) (errno)
C:/ST/STM32CubeIDE_1.11.2/STM32CubeIDE/plugins/com.st.stm32cube.ide.mcu.externaltools.gnu-tools-for-stm32.13.3.rel1.win32_1.0.0.202411081344/tools/bin/../lib/gcc/arm-none-eabi/13.3.1/../../../../arm-none-eabi/lib/thumb/v6-m/nofp\libc_nano.a(libc_a-impure.o)
[...]
Memory Configuration

Name             Origin             Length             Attributes
RAM              0x20000000         0x00004000         xrw
FLASH            0x08000000         0x00020000         xr
*default*        0x00000000         0xffffffff

Linker script and memory map

LOAD C:/ST/STM32CubeIDE_1.11.2/STM32CubeIDE/plugins/com.st.stm32cube.ide.mcu.externaltools.gnu-tools-for-stm32.13.3.rel1.win32_1.0.0.202411081344/tools/bin/../lib/gcc/arm-none-eabi/13.3.1/thumb/v6-m/nofp/crti.o
LOAD C:/ST/STM32CubeIDE_1.11.2/STM32CubeIDE/plugins/com.st.stm32cube.ide.mcu.externaltools.gnu-tools-for-stm32.13.3.rel1.win32_1.0.0.202411081344/tools/bin/../lib/gcc/arm-none-eabi/13.3.1/thumb/v6-m/nofp/crtbegin.o
LOAD C:/ST/STM32CubeIDE_1.11.2/STM32CubeIDE/plugins/com.st.stm32cube.ide.mcu.externaltools.gnu-tools-for-stm32.13.3.rel1.win32_1.0.0.202411081344/tools/bin/../lib/gcc/arm-none-eabi/13.3.1/../../../../arm-none-eabi/lib/thumb/v6-m/nofp/crt0.o
LOAD ./Core/Src/Scheduler.o
LOAD ./Core/Src/Utils.o
LOAD ./Core/Src/main.o
LOAD ./Core/Src/stm32f0xx_hal_msp.o
LOAD ./Core/Src/stm32f0xx_it.o
LOAD ./Core/Src/syscalls.o
LOAD ./Core/Src/sysmem.o
LOAD ./Core/Src/system_stm32f0xx.o
LOAD ./Core/Src/subrotinas/SubrotinasConfiguracoes.o
LOAD ./Core/Src/subrotinas/SubrotinasLCD.o
LOAD ./Core/Src/subrotinas/SubrotinasProtocoloRS485.o
LOAD ./Core/Src/subrotinas/SubrotinasTeclado.o
LOAD ./Core/Src/utilities/UtilityEeprom.o
LOAD ./Core/Src/utilities/UtilityGPIO.o
LOAD ./Core/Src/utilities/UtilityLCD.o
LOAD ./Core/Src/utilities/UtilityTeclado.o
LOAD ./Core/Src/utilities/UtilityUART.o
LOAD ./Core/Startup/startup_stm32f072rbtx.o
LOAD ./Drivers/STM32F0xx_HAL_Driver/Src/stm32f0xx_hal.o
LOAD ./Drivers/STM32F0xx_HAL_Driver/Src/stm32f0xx_hal_cortex.o
LOAD ./Drivers/STM32F0xx_HAL_Driver/Src/stm32f0xx_hal_dma.o
LOAD ./Drivers/STM32F0xx_HAL_Driver/Src/stm32f0xx_hal_exti.o
LOAD ./Drivers/STM32F0xx_HAL_Driver/Src/stm32f0xx_hal_flash.o
LOAD ./Drivers/STM32F0xx_HAL_Driver/Src/stm32f0xx_hal_flash_ex.o
LOAD ./Drivers/STM32F0xx_HAL_Driver/Src/stm32f0xx_hal_gpio.o
LOAD ./Drivers/STM32F0xx_HAL_Driver/Src/stm32f0xx_hal_i2c.o
LOAD ./Drivers/STM32F0xx_HAL_Driver/Src/stm32f0xx_hal_i2c_ex.o
LOAD ./Drivers/STM32F0xx_HAL_Driver/Src/stm32f0xx_hal_iwdg.o
LOAD ./Drivers/STM32F0xx_HAL_Driver/Src/stm32f0xx_hal_pwr.o
LOAD ./Drivers/STM32F0xx_HAL_Driver/Src/stm32f0xx_hal_pwr_ex.o
LOAD ./Drivers/STM32F0xx_HAL_Driver/Src/stm32f0xx_hal_rcc.o
LOAD ./Drivers/STM32F0xx_HAL_Driver/Src/stm32f0xx_hal_rcc_ex.o
LOAD ./Drivers/STM32F0xx_HAL_Driver/Src/stm32f0xx_hal_tim.o
LOAD ./Drivers/STM32F0xx_HAL_Driver/Src/stm32f0xx_hal_tim_ex.o
LOAD ./Drivers/STM32F0xx_HAL_Driver/Src/stm32f0xx_hal_uart.o
LOAD ./Drivers/STM32F0xx_HAL_Driver/Src/stm32f0xx_hal_uart_ex.o
START GROUP
LOAD C:/ST/STM32CubeIDE_1.11.2/STM32CubeIDE/plugins/com.st.stm32cube.ide.mcu.externaltools.gnu-tools-for-stm32.13.3.rel1.win32_1.0.0.202411081344/tools/bin/../lib/gcc/arm-none-eabi/13.3.1/../../../../arm-none-eabi/lib/thumb/v6-m/nofp\libc_nano.a
LOAD C:/ST/STM32CubeIDE_1.11.2/STM32CubeIDE/plugins/com.st.stm32cube.ide.mcu.externaltools.gnu-tools-for-stm32.13.3.rel1.win32_1.0.0.202411081344/tools/bin/../lib/gcc/arm-none-eabi/13.3.1/../../../../arm-none-eabi/lib/thumb/v6-m/nofp\libm.a
END GROUP
START GROUP
LOAD C:/ST/STM32CubeIDE_1.11.2/STM32CubeIDE/plugins/com.st.stm32cube.ide.mcu.externaltools.gnu-tools-for-stm32.13.3.rel1.win32_1.0.0.202411081344/tools/bin/../lib/gcc/arm-none-eabi/13.3.1/thumb/v6-m/nofp\libgcc.a
LOAD C:/ST/STM32CubeIDE_1.11.2/STM32CubeIDE/plugins/com.st.stm32cube.ide.mcu.externaltools.gnu-tools-for-stm32.13.3.rel1.win32_1.0.0.202411081344/tools/bin/../lib/gcc/arm-none-eabi/13.3.1/../../../../arm-none-eabi/lib/thumb/v6-m/nofp\libc_nano.a
END GROUP
START GROUP
LOAD C:/ST/STM32CubeIDE_1.11.2/STM32CubeIDE/plugins/com.st.stm32cube.ide.mcu.externaltools.gnu-tools-for-stm32.13.3.rel1.win32_1.0.0.202411081344/tools/bin/../lib/gcc/arm-none-eabi/13.3.1/thumb/v6-m/nofp\libgcc.a
LOAD C:/ST/STM32CubeIDE_1.11.2/STM32CubeIDE/plugins/com.st.stm32cube.ide.mcu.externaltools.gnu-tools-for-stm32.13.3.rel1.win32_1.0.0.202411081344/tools/bin/../lib/gcc/arm-none-eabi/13.3.1/../../../../arm-none-eabi/lib/thumb/v6-m/nofp\libc_nano.a
LOAD C:/ST/STM32CubeIDE_1.11.2/STM32CubeIDE/plugins/com.st.stm32cube.ide.mcu.externaltools.gnu-tools-for-stm32.13.3.rel1.win32_1.0.0.202411081344/tools/bin/../lib/gcc/arm-none-eabi/13.3.1/../../../../arm-none-eabi/lib/thumb/v6-m/nofp\libnosys.a
END GROUP
START GROUP
LOAD C:/ST/STM32CubeIDE_1.11.2/STM32CubeIDE/plugins/com.st.stm32cube.ide.mcu.externaltools.gnu-tools-for-stm32.13.3.rel1.win32_1.0.0.202411081344/tools/bin/../lib/gcc/arm-none-eabi/13.3.1/thumb/v6-m/nofp\libgcc.a
LOAD C:/ST/STM32CubeIDE_1.11.2/STM32CubeIDE/plugins/com.st.stm32cube.ide.mcu.externaltools.gnu-tools-for-stm32.13.3.rel1.win32_1.0.0.202411081344/tools/bin/../lib/gcc/arm-none-eabi/13.3.1/../../../../arm-none-eabi/lib/thumb/v6-m/nofp\libc_nano.a
LOAD C:/ST/STM32CubeIDE_1.11.2/STM32CubeIDE/plugins/com.st.stm32cube.ide.mcu.externaltools.gnu-tools-for-stm32.13.3.rel1.win32_1.0.0.202411081344/tools/bin/../lib/gcc/arm-none-eabi/13.3.1/../../../../arm-none-eabi/lib/thumb/v6-m/nofp\libnosys.a
END GROUP
LOAD C:/ST/STM32CubeIDE_1.11.2/STM32CubeIDE/plugins/com.st.stm32cube.ide.mcu.externaltools.gnu-tools-for-stm32.13.3.rel1.win32_1.0.0.202411081344/tools/bin/../lib/gcc/arm-none-eabi/13.3.1/thumb/v6-m/nofp/crtend.o
LOAD C:/ST/STM32CubeIDE_1.11.2/STM32CubeIDE/plugins/com.st.stm32cube.ide.mcu.externaltools.gnu-tools-for-stm32.13.3.rel1.win32_1.0.0.202411081344/tools/bin/../lib/gcc/arm-none-eabi/13.3.1/thumb/v6-m/nofp/crtn.o
                0x20004000                        _estack = (ORIGIN (RAM) + LENGTH (RAM))
                0x00000200                        _Min_Heap_Size = 0x200
                0x00000400                        _Min_Stack_Size = 0x400

.isr_vector     0x08000000       0xc0
                0x08000000                        . = ALIGN (0x4)
 *(.isr_vector)
 .isr_vector    0x08000000       0xc0 ./Core/Startup/startup_stm32f072rbtx.o
                0x08000000                g_pfnVectors
                0x080000c0                        . = ALIGN (0x4)

.text           0x080000c0     0x7de8
                0x080000c0                        . = ALIGN (0x4)
 *(.text)
 .text          0x080000c0       0x48 C:/ST/STM32CubeIDE_1.11.2/STM32CubeIDE/plugins/com.st.stm32cube.ide.mcu.externaltools.gnu-tools-for-stm32.13.3.rel1.win32_1.0.0.202411081344/tools/bin/../lib/gcc/arm-none-eabi/13.3.1/thumb/v6-m/nofp/crtbegin.o
 .text          0x08000108        0xe C:/ST/STM32CubeIDE_1.11.2/STM32CubeIDE/plugins/com.st.stm32cube.ide.mcu.externaltools.gnu-tools-for-stm32.13.3.rel1.win32_1.0.0.202411081344/tools/bin/../lib/gcc/arm-none-eabi/13.3.1/../../../../arm-none-eabi/lib/thumb/v6-m/nofp\libc_nano.a(libc_a-strlen.o)
                0x08000108                strlen
 *fill*         0x08000116        0x2 
 .text          0x08000118       0x14 C:/ST/STM32CubeIDE_1.11.2/STM32CubeIDE/plugins/com.st.stm32cube.ide.mcu.externaltools.gnu-tools-for-stm32.13.3.rel1.win32_1.0.0.202411081344/tools/bin/../lib/gcc/arm-none-eabi/13.3.1/thumb/v6-m/nofp\libgcc.a(_thumb1_case_shi.o)
                0x08000118                __gnu_thumb1_case_shi
 .text          0x0800012c      0x114 C:/ST/STM32CubeIDE_1.11.2/STM32CubeIDE/plugins/com.st.stm32cube.ide.mcu.externaltools.gnu-tools-for-stm32.13.3.rel1.win32_1.0.0.202411081344/tools/bin/../lib/gcc/arm-none-eabi/13.3.1/thumb/v6-m/nofp\libgcc.a(_udivsi3.o)
                0x0800012c                __aeabi_uidiv
                0x0800012c                __udivsi3
                0x08000238                __aeabi_uidivmod
 .text          0x08000240        0x4 C:/ST/STM32CubeIDE_1.11.2/STM32CubeIDE/plugins/com.st.stm32cube.ide.mcu.externaltools.gnu-tools-for-stm32.13.3.rel1.win32_1.0.0.202411081344/tools/bin/../lib/gcc/arm-none-eabi/13.3.1/thumb/v6-m/nofp\libgcc.a(_dvmd_tls.o)
                0x08000240                __aeabi_idiv0
                0x08000240                __aeabi_ldiv0
 *(.text*)
 .text.tarefas100us
                0x08000244        0xa ./Core/Src/Scheduler.o
                0x08000244                tarefas100us
 .text.tarefas1ms
                0x0800024e        0xe ./Core/Src/Scheduler.o
                0x0800024e                tarefas1ms
 .text.tarefas10ms
                0x0800025c       0xd0 ./Core/Src/Scheduler.o
                0x0800025c                tarefas10ms
 .text.tarefas100ms
                0x0800032c       0x84 ./Core/Src/Scheduler.o
                0x0800032c                tarefas100ms
 .text.tarefas1s
                0x080003b0        0xa ./Core/Src/Scheduler.o
                0x080003b0                tarefas1s
 *fill*         0x080003ba        0x2 
 .text.schedulerEngine
                0x080003bc       0x98 ./Core/Src/Scheduler.o
                0x080003bc                schedulerEngine
 .text.indexOf  0x08000454       0xcc ./Core/Src/Utils.o
                0x08000454                indexOf
 .text.serializer
                0x08000520       0x6c ./Core/Src/Utils.o
                0x08000520                serializer
 .text.make8    0x0800058c       0x9e ./Core/Src/Utils.o
                0x0800058c                make8
 .text.bitRead  0x0800062a       0x40 ./Core/Src/Utils.o
                0x0800062a                bitRead
 *fill*         0x0800066a        0x2 
 .text.HAL_TIM_PeriodElapsedCallback
                0x0800066c       0x20 ./Core/Src/main.o
                0x0800066c                HAL_TIM_PeriodElapsedCallback
 .text.delayMicro
                0x0800068c       0x2c ./Core/Src/main.o
                0x0800068c                delayMicro
 .text.reiniciaWatchDog
                0x080006b8       0x18 ./Core/Src/main.o
                0x080006b8                reiniciaWatchDog
 .text.HAL_UART_RxCpltCallback
                0x080006d0       0x6c ./Core/Src/main.o
                0x080006d0                HAL_UART_RxCpltCallback
 .text.main     0x0800073c       0x78 ./Core/Src/main.o
                0x0800073c                main
 .text.SystemClock_Config
                0x080007b4       0xae ./Core/Src/main.o
                0x080007b4                SystemClock_Config
 *fill*         0x08000862        0x2 
 .text.MX_I2C2_Init
                0x08000864       0x80 ./Core/Src/main.o
 .text.MX_IWDG_Init
                0x080008e4       0x40 ./Core/Src/main.o
 .text.MX_TIM2_Init
                0x08000924       0xa8 ./Core/Src/main.o
 .text.MX_TIM3_Init
                0x080009cc       0xa8 ./Core/Src/main.o
 .text.MX_USART2_UART_Init
                0x08000a74       0x64 ./Core/Src/main.o
 .text.MX_GPIO_Init
                0x08000ad8      0x18c ./Core/Src/main.o
 .text.Error_Handler
                0x08000c64        0xc ./Core/Src/main.o
                0x08000c64                Error_Handler
 .text.HAL_MspInit
                0x08000c70       0x48 ./Core/Src/stm32f0xx_hal_msp.o
                0x08000c70                HAL_MspInit
 .text.HAL_I2C_MspInit
                0x08000cb8       0x9c ./Core/Src/stm32f0xx_hal_msp.o
                0x08000cb8                HAL_I2C_MspInit
 .text.HAL_TIM_Base_MspInit
                0x08000d54       0x70 ./Core/Src/stm32f0xx_hal_msp.o
                0x08000d54                HAL_TIM_Base_MspInit
 .text.HAL_UART_MspInit
                0x08000dc4       0xa8 ./Core/Src/stm32f0xx_hal_msp.o
                0x08000dc4                HAL_UART_MspInit
 .text.NMI_Handler
                0x08000e6c        0x8 ./Core/Src/stm32f0xx_it.o
                0x08000e6c                NMI_Handler
 .text.HardFault_Handler
                0x08000e74        0x8 ./Core/Src/stm32f0xx_it.o
                0x08000e74                HardFault_Handler
 .text.SVC_Handler
                0x08000e7c        0xa ./Core/Src/stm32f0xx_it.o
                0x08000e7c                SVC_Handler
 .text.PendSV_Handler
                0x08000e86        0xa ./Core/Src/stm32f0xx_it.o
                0x08000e86                PendSV_Handler
 .text.SysTick_Handler
                0x08000e90        0xe ./Core/Src/stm32f0xx_it.o
                0x08000e90                SysTick_Handler
 *fill*         0x08000e9e        0x2 
 .text.TIM3_IRQHandler
                0x08000ea0       0x18 ./Core/Src/stm32f0xx_it.o
                0x08000ea0                TIM3_IRQHandler
 .text.USART2_IRQHandler
                0x08000eb8       0x18 ./Core/Src/stm32f0xx_it.o
                0x08000eb8                USART2_IRQHandler
 .text._sbrk    0x08000ed0       0x6c ./Core/Src/sysmem.o
                0x08000ed0                _sbrk
 .text.SystemInit
                0x08000f3c        0xa ./Core/Src/system_stm32f0xx.o
                0x08000f3c                SystemInit
 *fill*         0x08000f46        0x2 
 .text.menuConfiguracaoValorAtualCronometro
                0x08000f48      0x414 ./Core/Src/subrotinas/SubrotinasConfiguracoes.o
                0x08000f48                menuConfiguracaoValorAtualCronometro
 .text.menuConfiguracaoCronometro
                0x0800135c      0x2b0 ./Core/Src/subrotinas/SubrotinasConfiguracoes.o
                0x0800135c                menuConfiguracaoCronometro
 .text.menuConfiguracaoPontos
                0x0800160c      0x3a0 ./Core/Src/subrotinas/SubrotinasConfiguracoes.o
                0x0800160c                menuConfiguracaoPontos
 .text.menuConfiguracoes
                0x080019ac       0x90 ./Core/Src/subrotinas/SubrotinasConfiguracoes.o
                0x080019ac                menuConfiguracoes
 .text.telaInicial
                0x08001a3c       0xc4 ./Core/Src/subrotinas/SubrotinasLCD.o
                0x08001a3c                telaInicial
 .text.telaOperacao
                0x08001b00       0xac ./Core/Src/subrotinas/SubrotinasLCD.o
                0x08001b00                telaOperacao
 .text.telaAjustaValorAtualCronometro
                0x08001bac       0x70 ./Core/Src/subrotinas/SubrotinasLCD.o
                0x08001bac                telaAjustaValorAtualCronometro
 .text.telaAjustaCronometro
                0x08001c1c       0x9c ./Core/Src/subrotinas/SubrotinasLCD.o
                0x08001c1c                telaAjustaCronometro
 .text.telaAjustaPontos
                0x08001cb8       0x60 ./Core/Src/subrotinas/SubrotinasLCD.o
                0x08001cb8                telaAjustaPontos
 .text.protocoloRS485
                0x08001d18       0x50 ./Core/Src/subrotinas/SubrotinasProtocoloRS485.o
                0x08001d18                protocoloRS485
 .text.comandosTeclado
                0x08001d68      0x67c ./Core/Src/subrotinas/SubrotinasTeclado.o
                0x08001d68                comandosTeclado
 .text.writeExternalEeprom
                0x080023e4      0x1b0 ./Core/Src/utilities/UtilityEeprom.o
                0x080023e4                writeExternalEeprom
 .text.readExternalEeprom
                0x08002594      0x1c8 ./Core/Src/utilities/UtilityEeprom.o
                0x08002594                readExternalEeprom
 .text.salvaCronometro
                0x0800275c       0x78 ./Core/Src/utilities/UtilityEeprom.o
                0x0800275c                salvaCronometro
 .text.writeAllEeprom
                0x080027d4        0xe ./Core/Src/utilities/UtilityEeprom.o
                0x080027d4                writeAllEeprom
 *fill*         0x080027e2        0x2 
 .text.readEeprom
                0x080027e4       0x9c ./Core/Src/utilities/UtilityEeprom.o
                0x080027e4                readEeprom
 .text.apagaEeprom
                0x08002880       0x64 ./Core/Src/utilities/UtilityEeprom.o
                0x08002880                apagaEeprom
 .text.verificaEeprom
                0x080028e4       0x30 ./Core/Src/utilities/UtilityEeprom.o
                0x080028e4                verificaEeprom
 .text.input    0x08002914       0x2e ./Core/Src/utilities/UtilityGPIO.o
                0x08002914                input
 .text.on       0x08002942       0x24 ./Core/Src/utilities/UtilityGPIO.o
                0x08002942                on
 .text.off      0x08002966       0x24 ./Core/Src/utilities/UtilityGPIO.o
                0x08002966                off
 .text.toggle   0x0800298a       0x24 ./Core/Src/utilities/UtilityGPIO.o
                0x0800298a                toggle
 .text.setPin   0x080029ae       0x30 ./Core/Src/utilities/UtilityGPIO.o
                0x080029ae                setPin
 *fill*         0x080029de        0x2 
 .text.enviaNibbleLcd
                0x080029e0       0xa0 ./Core/Src/utilities/UtilityLCD.o
                0x080029e0                enviaNibbleLcd
 .text.enviaByteLcd
                0x08002a80       0x60 ./Core/Src/utilities/UtilityLCD.o
                0x08002a80                enviaByteLcd
 .text.lcdEscreveChar
                0x08002ae0       0x20 ./Core/Src/utilities/UtilityLCD.o
                0x08002ae0                lcdEscreveChar
 .text.lcdEscreve
                0x08002b00       0x4c ./Core/Src/utilities/UtilityLCD.o
                0x08002b00                lcdEscreve
 .text.limpaLcd
                0x08002b4c       0x18 ./Core/Src/utilities/UtilityLCD.o
                0x08002b4c                limpaLcd
 .text.inicializaLcd
                0x08002b64       0xb0 ./Core/Src/utilities/UtilityLCD.o
                0x08002b64                inicializaLcd
 .text.lcdPosLc
                0x08002c14       0x5c ./Core/Src/utilities/UtilityLCD.o
                0x08002c14                lcdPosLc
 .text.escreveDado
                0x08002c70      0x270 ./Core/Src/utilities/UtilityLCD.o
                0x08002c70                escreveDado
 .text.desligaSaidasTeclado
                0x08002ee0       0x4c ./Core/Src/utilities/UtilityTeclado.o
                0x08002ee0                desligaSaidasTeclado
 .text.acionaSaidaTeclado
                0x08002f2c       0x7c ./Core/Src/utilities/UtilityTeclado.o
                0x08002f2c                acionaSaidaTeclado
 .text.leituraTeclado
                0x08002fa8      0x258 ./Core/Src/utilities/UtilityTeclado.o
                0x08002fa8                leituraTeclado
 .text.limpaRS485Buffer
                0x08003200       0x24 ./Core/Src/utilities/UtilityUART.o
                0x08003200                limpaRS485Buffer
 .text.sprintfRs485
                0x08003224      0x1a4 ./Core/Src/utilities/UtilityUART.o
                0x08003224                sprintfRs485
 .text.Reset_Handler
                0x080033c8       0x50 ./Core/Startup/startup_stm32f072rbtx.o
                0x080033c8                Reset_Handler
 .text.Default_Handler
                0x08003418        0x2 ./Core/Startup/startup_stm32f072rbtx.o
                0x08003418                TIM1_CC_IRQHandler
                0x08003418                TSC_IRQHandler
                0x08003418                ADC1_COMP_IRQHandler
                0x08003418                I2C1_IRQHandler
                0x08003418                RCC_CRS_IRQHandler
                0x08003418                SPI1_IRQHandler
                0x08003418                TIM6_DAC_IRQHandler
                0x08003418                USART3_4_IRQHandler
                0x08003418                EXTI2_3_IRQHandler
                0x08003418                I2C2_IRQHandler
                0x08003418                TIM17_IRQHandler
                0x08003418                CEC_CAN_IRQHandler
                0x08003418                RTC_IRQHandler
                0x08003418                PVD_VDDIO2_IRQHandler
                0x08003418                DMA1_Channel4_5_6_7_IRQHandler
                0x08003418                TIM16_IRQHandler
                0x08003418                EXTI4_15_IRQHandler
                0x08003418                DMA1_Channel1_IRQHandler
                0x08003418                Default_Handler
                0x08003418                TIM14_IRQHandler
                0x08003418                TIM7_IRQHandler
                0x08003418                TIM15_IRQHandler
                0x08003418                EXTI0_1_IRQHandler
                0x08003418                USB_IRQHandler
                0x08003418                SPI2_IRQHandler
                0x08003418                WWDG_IRQHandler
                0x08003418                TIM2_IRQHandler
                0x08003418                DMA1_Channel2_3_IRQHandler
                0x08003418                FLASH_IRQHandler
                0x08003418                USART1_IRQHandler
                0x08003418                TIM1_BRK_UP_TRG_COM_IRQHandler
 *fill*         0x0800341a        0x2 
 .text.HAL_Init
                0x0800341c       0x28 ./Drivers/STM32F0xx_HAL_Driver/Src/stm32f0xx_hal.o
                0x0800341c                HAL_Init
 .text.HAL_InitTick
                0x08003444       0x68 ./Drivers/STM32F0xx_HAL_Driver/Src/stm32f0xx_hal.o
                0x08003444                HAL_InitTick
 .text.HAL_IncTick
                0x080034ac       0x24 ./Drivers/STM32F0xx_HAL_Driver/Src/stm32f0xx_hal.o
                0x080034ac                HAL_IncTick
 .text.HAL_GetTick
                0x080034d0       0x14 ./Drivers/STM32F0xx_HAL_Driver/Src/stm32f0xx_hal.o
                0x080034d0                HAL_GetTick
 .text.HAL_Delay
                0x080034e4       0x48 ./Drivers/STM32F0xx_HAL_Driver/Src/stm32f0xx_hal.o
                0x080034e4                HAL_Delay
 .text.__NVIC_EnableIRQ
                0x0800352c       0x34 ./Drivers/STM32F0xx_HAL_Driver/Src/stm32f0xx_hal_cortex.o
 .text.__NVIC_SetPriority
                0x08003560       0xdc ./Drivers/STM32F0xx_HAL_Driver/Src/stm32f0xx_hal_cortex.o
 .text.SysTick_Config
                0x0800363c       0x48 ./Drivers/STM32F0xx_HAL_Driver/Src/stm32f0xx_hal_cortex.o
 .text.HAL_NVIC_SetPriority
                0x08003684       0x2a ./Drivers/STM32F0xx_HAL_Driver/Src/stm32f0xx_hal_cortex.o
                0x08003684                HAL_NVIC_SetPriority
 .text.HAL_NVIC_EnableIRQ
                0x080036ae       0x20 ./Drivers/STM32F0xx_HAL_Driver/Src/stm32f0xx_hal_cortex.o
                0x080036ae                HAL_NVIC_EnableIRQ
 .text.HAL_SYSTICK_Config
                0x080036ce       0x1a ./Drivers/STM32F0xx_HAL_Driver/Src/stm32f0xx_hal_cortex.o
                0x080036ce                HAL_SYSTICK_Config
 .text.HAL_DMA_Abort
                0x080036e8       0x70 ./Drivers/STM32F0xx_HAL_Driver/Src/stm32f0xx_hal_dma.o
                0x080036e8                HAL_DMA_Abort
 .text.HAL_DMA_Abort_IT
                0x08003758       0x8a ./Drivers/STM32F0xx_HAL_Driver/Src/stm32f0xx_hal_dma.o
                0x08003758                HAL_DMA_Abort_IT
 *fill*         0x080037e2        0x2 
 .text.HAL_GPIO_Init
                0x080037e4      0x2f0 ./Drivers/STM32F0xx_HAL_Driver/Src/stm32f0xx_hal_gpio.o
                0x080037e4                HAL_GPIO_Init
 .text.HAL_GPIO_ReadPin
                0x08003ad4       0x3a ./Drivers/STM32F0xx_HAL_Driver/Src/stm32f0xx_hal_gpio.o
                0x08003ad4                HAL_GPIO_ReadPin
 .text.HAL_GPIO_WritePin
                0x08003b0e       0x3a ./Drivers/STM32F0xx_HAL_Driver/Src/stm32f0xx_hal_gpio.o
                0x08003b0e                HAL_GPIO_WritePin
 .text.HAL_GPIO_TogglePin
                0x08003b48       0x36 ./Drivers/STM32F0xx_HAL_Driver/Src/stm32f0xx_hal_gpio.o
                0x08003b48                HAL_GPIO_TogglePin
 *fill*         0x08003b7e        0x2 
 .text.HAL_I2C_Init
                0x08003b80      0x14c ./Drivers/STM32F0xx_HAL_Driver/Src/stm32f0xx_hal_i2c.o
                0x08003b80                HAL_I2C_Init
 .text.HAL_I2C_Master_Transmit
                0x08003ccc      0x254 ./Drivers/STM32F0xx_HAL_Driver/Src/stm32f0xx_hal_i2c.o
                0x08003ccc                HAL_I2C_Master_Transmit
 .text.HAL_I2C_Master_Receive
                0x08003f20      0x210 ./Drivers/STM32F0xx_HAL_Driver/Src/stm32f0xx_hal_i2c.o
                0x08003f20                HAL_I2C_Master_Receive
 .text.HAL_I2C_IsDeviceReady
                0x08004130      0x1f8 ./Drivers/STM32F0xx_HAL_Driver/Src/stm32f0xx_hal_i2c.o
                0x08004130                HAL_I2C_IsDeviceReady
 .text.I2C_Flush_TXDR
                0x08004328       0x44 ./Drivers/STM32F0xx_HAL_Driver/Src/stm32f0xx_hal_i2c.o
 .text.I2C_WaitOnFlagUntilTimeout
                0x0800436c       0xb0 ./Drivers/STM32F0xx_HAL_Driver/Src/stm32f0xx_hal_i2c.o
 .text.I2C_WaitOnTXISFlagUntilTimeout
                0x0800441c       0x8c ./Drivers/STM32F0xx_HAL_Driver/Src/stm32f0xx_hal_i2c.o
 .text.I2C_WaitOnSTOPFlagUntilTimeout
                0x080044a8       0x86 ./Drivers/STM32F0xx_HAL_Driver/Src/stm32f0xx_hal_i2c.o
 *fill*         0x0800452e        0x2 
 .text.I2C_WaitOnRXNEFlagUntilTimeout
                0x08004530      0x13c ./Drivers/STM32F0xx_HAL_Driver/Src/stm32f0xx_hal_i2c.o
 .text.I2C_IsErrorOccurred
                0x0800466c      0x1f0 ./Drivers/STM32F0xx_HAL_Driver/Src/stm32f0xx_hal_i2c.o
 .text.I2C_TransferConfig
                0x0800485c       0x74 ./Drivers/STM32F0xx_HAL_Driver/Src/stm32f0xx_hal_i2c.o
 .text.HAL_I2CEx_ConfigAnalogFilter
                0x080048d0       0x98 ./Drivers/STM32F0xx_HAL_Driver/Src/stm32f0xx_hal_i2c_ex.o
                0x080048d0                HAL_I2CEx_ConfigAnalogFilter
 .text.HAL_I2CEx_ConfigDigitalFilter
                0x08004968       0x98 ./Drivers/STM32F0xx_HAL_Driver/Src/stm32f0xx_hal_i2c_ex.o
                0x08004968                HAL_I2CEx_ConfigDigitalFilter
 .text.HAL_IWDG_Init
                0x08004a00       0xa4 ./Drivers/STM32F0xx_HAL_Driver/Src/stm32f0xx_hal_iwdg.o
                0x08004a00                HAL_IWDG_Init
 .text.HAL_IWDG_Refresh
                0x08004aa4       0x20 ./Drivers/STM32F0xx_HAL_Driver/Src/stm32f0xx_hal_iwdg.o
                0x08004aa4                HAL_IWDG_Refresh
 .text.HAL_RCC_OscConfig
                0x08004ac4      0x70c ./Drivers/STM32F0xx_HAL_Driver/Src/stm32f0xx_hal_rcc.o
                0x08004ac4                HAL_RCC_OscConfig
 .text.HAL_RCC_ClockConfig
                0x080051d0      0x1b4 ./Drivers/STM32F0xx_HAL_Driver/Src/stm32f0xx_hal_rcc.o
                0x080051d0                HAL_RCC_ClockConfig
 .text.HAL_RCC_GetSysClockFreq
                0x08005384       0xe4 ./Drivers/STM32F0xx_HAL_Driver/Src/stm32f0xx_hal_rcc.o
                0x08005384                HAL_RCC_GetSysClockFreq
 .text.HAL_RCC_GetHCLKFreq
                0x08005468       0x14 ./Drivers/STM32F0xx_HAL_Driver/Src/stm32f0xx_hal_rcc.o
                0x08005468                HAL_RCC_GetHCLKFreq
 .text.HAL_RCC_GetPCLK1Freq
                0x0800547c       0x2c ./Drivers/STM32F0xx_HAL_Driver/Src/stm32f0xx_hal_rcc.o
                0x0800547c                HAL_RCC_GetPCLK1Freq
 .text.HAL_RCCEx_PeriphCLKConfig
                0x080054a8      0x1fc ./Drivers/STM32F0xx_HAL_Driver/Src/stm32f0xx_hal_rcc_ex.o
                0x080054a8                HAL_RCCEx_PeriphCLKConfig
 .text.HAL_TIM_Base_Init
                0x080056a4       0xa0 ./Drivers/STM32F0xx_HAL_Driver/Src/stm32f0xx_hal_tim.o
                0x080056a4                HAL_TIM_Base_Init
 .text.HAL_TIM_Base_Start
                0x08005744       0x94 ./Drivers/STM32F0xx_HAL_Driver/Src/stm32f0xx_hal_tim.o
                0x08005744                HAL_TIM_Base_Start
 .text.HAL_TIM_Base_Start_IT
                0x080057d8       0xa4 ./Drivers/STM32F0xx_HAL_Driver/Src/stm32f0xx_hal_tim.o
                0x080057d8                HAL_TIM_Base_Start_IT
 .text.HAL_TIM_IRQHandler
                0x0800587c      0x1dc ./Drivers/STM32F0xx_HAL_Driver/Src/stm32f0xx_hal_tim.o
                0x0800587c                HAL_TIM_IRQHandler
 .text.HAL_TIM_ConfigClockSource
                0x08005a58      0x1a8 ./Drivers/STM32F0xx_HAL_Driver/Src/stm32f0xx_hal_tim.o
                0x08005a58                HAL_TIM_ConfigClockSource
 .text.HAL_TIM_OC_DelayElapsedCallback
                0x08005c00       0x10 ./Drivers/STM32F0xx_HAL_Driver/Src/stm32f0xx_hal_tim.o
                0x08005c00                HAL_TIM_OC_DelayElapsedCallback
 .text.HAL_TIM_IC_CaptureCallback
                0x08005c10       0x10 ./Drivers/STM32F0xx_HAL_Driver/Src/stm32f0xx_hal_tim.o
                0x08005c10                HAL_TIM_IC_CaptureCallback
 .text.HAL_TIM_PWM_PulseFinishedCallback
                0x08005c20       0x10 ./Drivers/STM32F0xx_HAL_Driver/Src/stm32f0xx_hal_tim.o
                0x08005c20                HAL_TIM_PWM_PulseFinishedCallback
 .text.HAL_TIM_TriggerCallback
                0x08005c30       0x10 ./Drivers/STM32F0xx_HAL_Driver/Src/stm32f0xx_hal_tim.o
                0x08005c30                HAL_TIM_TriggerCallback
 .text.TIM_Base_SetConfig
                0x08005c40      0x11c ./Drivers/STM32F0xx_HAL_Driver/Src/stm32f0xx_hal_tim.o
                0x08005c40                TIM_Base_SetConfig
 .text.TIM_TI1_ConfigInputStage
                0x08005d5c       0x5c ./Drivers/STM32F0xx_HAL_Driver/Src/stm32f0xx_hal_tim.o
 .text.TIM_TI2_ConfigInputStage
                0x08005db8       0x64 ./Drivers/STM32F0xx_HAL_Driver/Src/stm32f0xx_hal_tim.o
 .text.TIM_ITRx_SetConfig
                0x08005e1c       0x32 ./Drivers/STM32F0xx_HAL_Driver/Src/stm32f0xx_hal_tim.o
 *fill*         0x08005e4e        0x2 
 .text.TIM_ETR_SetConfig
                0x08005e50       0x40 ./Drivers/STM32F0xx_HAL_Driver/Src/stm32f0xx_hal_tim.o
                0x08005e50                TIM_ETR_SetConfig
 .text.HAL_TIMEx_MasterConfigSynchronization
                0x08005e90       0xbc ./Drivers/STM32F0xx_HAL_Driver/Src/stm32f0xx_hal_tim_ex.o
                0x08005e90                HAL_TIMEx_MasterConfigSynchronization
 .text.HAL_TIMEx_CommutCallback
                0x08005f4c       0x10 ./Drivers/STM32F0xx_HAL_Driver/Src/stm32f0xx_hal_tim_ex.o
                0x08005f4c                HAL_TIMEx_CommutCallback
 .text.HAL_TIMEx_BreakCallback
                0x08005f5c       0x10 ./Drivers/STM32F0xx_HAL_Driver/Src/stm32f0xx_hal_tim_ex.o
                0x08005f5c                HAL_TIMEx_BreakCallback
 .text.HAL_UART_Transmit
                0x08005f6c      0x13e ./Drivers/STM32F0xx_HAL_Driver/Src/stm32f0xx_hal_uart.o
                0x08005f6c                HAL_UART_Transmit
 .text.HAL_UART_Receive_IT
                0x080060aa       0xae ./Drivers/STM32F0xx_HAL_Driver/Src/stm32f0xx_hal_uart.o
                0x080060aa                HAL_UART_Receive_IT
 .text.HAL_UART_IRQHandler
                0x08006158      0x5c0 ./Drivers/STM32F0xx_HAL_Driver/Src/stm32f0xx_hal_uart.o
                0x08006158                HAL_UART_IRQHandler
 .text.HAL_UART_TxCpltCallback
                0x08006718       0x10 ./Drivers/STM32F0xx_HAL_Driver/Src/stm32f0xx_hal_uart.o
                0x08006718                HAL_UART_TxCpltCallback
 .text.HAL_UART_ErrorCallback
                0x08006728       0x10 ./Drivers/STM32F0xx_HAL_Driver/Src/stm32f0xx_hal_uart.o
                0x08006728                HAL_UART_ErrorCallback
 .text.HAL_UARTEx_RxEventCallback
                0x08006738       0x16 ./Drivers/STM32F0xx_HAL_Driver/Src/stm32f0xx_hal_uart.o
                0x08006738                HAL_UARTEx_RxEventCallback
 *fill*         0x0800674e        0x2 
 .text.UART_SetConfig
                0x08006750      0x310 ./Drivers/STM32F0xx_HAL_Driver/Src/stm32f0xx_hal_uart.o
                0x08006750                UART_SetConfig
 .text.UART_AdvFeatureConfig
                0x08006a60      0x168 ./Drivers/STM32F0xx_HAL_Driver/Src/stm32f0xx_hal_uart.o
                0x08006a60                UART_AdvFeatureConfig
 .text.UART_CheckIdleState
                0x08006bc8      0x150 ./Drivers/STM32F0xx_HAL_Driver/Src/stm32f0xx_hal_uart.o
                0x08006bc8                UART_CheckIdleState
 .text.UART_WaitOnFlagUntilTimeout
                0x08006d18       0xde ./Drivers/STM32F0xx_HAL_Driver/Src/stm32f0xx_hal_uart.o
                0x08006d18                UART_WaitOnFlagUntilTimeout
 *fill*         0x08006df6        0x2 
 .text.UART_Start_Receive_IT
                0x08006df8      0x194 ./Drivers/STM32F0xx_HAL_Driver/Src/stm32f0xx_hal_uart.o
                0x08006df8                UART_Start_Receive_IT
 .text.UART_EndRxTransfer
                0x08006f8c       0xc8 ./Drivers/STM32F0xx_HAL_Driver/Src/stm32f0xx_hal_uart.o
 .text.UART_DMAAbortOnError
                0x08007054       0x2e ./Drivers/STM32F0xx_HAL_Driver/Src/stm32f0xx_hal_uart.o
 .text.UART_EndTransmit_IT
                0x08007082       0x56 ./Drivers/STM32F0xx_HAL_Driver/Src/stm32f0xx_hal_uart.o
 .text.UART_RxISR_8BIT
                0x080070d8      0x1b8 ./Drivers/STM32F0xx_HAL_Driver/Src/stm32f0xx_hal_uart.o
 .text.UART_RxISR_16BIT
                0x08007290      0x1b8 ./Drivers/STM32F0xx_HAL_Driver/Src/stm32f0xx_hal_uart.o
 .text.HAL_RS485Ex_Init
                0x08007448       0xe0 ./Drivers/STM32F0xx_HAL_Driver/Src/stm32f0xx_hal_uart_ex.o
                0x08007448                HAL_RS485Ex_Init
 .text.HAL_UARTEx_WakeupCallback
                0x08007528       0x10 ./Drivers/STM32F0xx_HAL_Driver/Src/stm32f0xx_hal_uart_ex.o
                0x08007528                HAL_UARTEx_WakeupCallback
 .text.sprintf  0x08007538       0x44 C:/ST/STM32CubeIDE_1.11.2/STM32CubeIDE/plugins/com.st.stm32cube.ide.mcu.externaltools.gnu-tools-for-stm32.13.3.rel1.win32_1.0.0.202411081344/tools/bin/../lib/gcc/arm-none-eabi/13.3.1/../../../../arm-none-eabi/lib/thumb/v6-m/nofp\libc_nano.a(libc_a-sprintf.o)
                0x08007538                siprintf
                0x08007538                sprintf
 .text.memset   0x0800757c       0x10 C:/ST/STM32CubeIDE_1.11.2/STM32CubeIDE/plugins/com.st.stm32cube.ide.mcu.externaltools.gnu-tools-for-stm32.13.3.rel1.win32_1.0.0.202411081344/tools/bin/../lib/gcc/arm-none-eabi/13.3.1/../../../../arm-none-eabi/lib/thumb/v6-m/nofp\libc_nano.a(libc_a-memset.o)
                0x0800757c                memset
 .text.strcat   0x0800758c       0x1a C:/ST/STM32CubeIDE_1.11.2/STM32CubeIDE/plugins/com.st.stm32cube.ide.mcu.externaltools.gnu-tools-for-stm32.13.3.rel1.win32_1.0.0.202411081344/tools/bin/../lib/gcc/arm-none-eabi/13.3.1/../../../../arm-none-eabi/lib/thumb/v6-m/nofp\libc_nano.a(libc_a-strcat.o)
                0x0800758c                strcat
 *fill*         0x080075a6        0x2 
 .text.__errno  0x080075a8        0xc C:/ST/STM32CubeIDE_1.11.2/STM32CubeIDE/plugins/com.st.stm32cube.ide.mcu.externaltools.gnu-tools-for-stm32.13.3.rel1.win32_1.0.0.202411081344/tools/bin/../lib/gcc/arm-none-eabi/13.3.1/../../../../arm-none-eabi/lib/thumb/v6-m/nofp\libc_nano.a(libc_a-errno.o)
                0x080075a8                __errno
 .text.__libc_init_array
                0x080075b4       0x48 C:/ST/STM32CubeIDE_1.11.2/STM32CubeIDE/plugins/com.st.stm32cube.ide.mcu.externaltools.gnu-tools-for-stm32.13.3.rel1.win32_1.0.0.202411081344/tools/bin/../lib/gcc/arm-none-eabi/13.3.1/../../../../arm-none-eabi/lib/thumb/v6-m/nofp\libc_nano.a(libc_a-init.o)
                0x080075b4                __libc_init_array
 .text.__retarget_lock_acquire_recursive
                0x080075fc        0x2 C:/ST/STM32CubeIDE_1.11.2/STM32CubeIDE/plugins/com.st.stm32cube.ide.mcu.externaltools.gnu-tools-for-stm32.13.3.rel1.win32_1.0.0.202411081344/tools/bin/../lib/gcc/arm-none-eabi/13.3.1/../../../../arm-none-eabi/lib/thumb/v6-m/nofp\libc_nano.a(libc_a-lock.o)
                0x080075fc                __retarget_lock_acquire_recursive
 .text.__retarget_lock_release_recursive
                0x080075fe        0x2 C:/ST/STM32CubeIDE_1.11.2/STM32CubeIDE/plugins/com.st.stm32cube.ide.mcu.externaltools.gnu-tools-for-stm32.13.3.rel1.win32_1.0.0.202411081344/tools/bin/../lib/gcc/arm-none-eabi/13.3.1/../../../../arm-none-eabi/lib/thumb/v6-m/nofp\libc_nano.a(libc_a-lock.o)
                0x080075fe                __retarget_lock_release_recursive
 .text.memcpy   0x08007600       0x12 C:/ST/STM32CubeIDE_1.11.2/STM32CubeIDE/plugins/com.st.stm32cube.ide.mcu.externaltools.gnu-tools-for-stm32.13.3.rel1.win32_1.0.0.202411081344/tools/bin/../lib/gcc/arm-none-eabi/13.3.1/../../../../arm-none-eabi/lib/thumb/v6-m/nofp\libc_nano.a(libc_a-memcpy-stub.o)
                0x08007600                memcpy
 *fill*         0x08007612        0x2 
 .text._free_r  0x08007614       0x94 C:/ST/STM32CubeIDE_1.11.2/STM32CubeIDE/plugins/com.st.stm32cube.ide.mcu.externaltools.gnu-tools-for-stm32.13.3.rel1.win32_1.0.0.202411081344/tools/bin/../lib/gcc/arm-none-eabi/13.3.1/../../../../arm-none-eabi/lib/thumb/v6-m/nofp\libc_nano.a(libc_a-freer.o)
                0x08007614                _free_r
 .text.sbrk_aligned
                0x080076a8       0x44 C:/ST/STM32CubeIDE_1.11.2/STM32CubeIDE/plugins/com.st.stm32cube.ide.mcu.externaltools.gnu-tools-for-stm32.13.3.rel1.win32_1.0.0.202411081344/tools/bin/../lib/gcc/arm-none-eabi/13.3.1/../../../../arm-none-eabi/lib/thumb/v6-m/nofp\libc_nano.a(libc_a-mallocr.o)
 .text._malloc_r
                0x080076ec      0x100 C:/ST/STM32CubeIDE_1.11.2/STM32CubeIDE/plugins/com.st.stm32cube.ide.mcu.externaltools.gnu-tools-for-stm32.13.3.rel1.win32_1.0.0.202411081344/tools/bin/../lib/gcc/arm-none-eabi/13.3.1/../../../../arm-none-eabi/lib/thumb/v6-m/nofp\libc_nano.a(libc_a-mallocr.o)
                0x080076ec                _malloc_r
 .text.__malloc_lock
                0x080077ec       0x10 C:/ST/STM32CubeIDE_1.11.2/STM32CubeIDE/plugins/com.st.stm32cube.ide.mcu.externaltools.gnu-tools-for-stm32.13.3.rel1.win32_1.0.0.202411081344/tools/bin/../lib/gcc/arm-none-eabi/13.3.1/../../../../arm-none-eabi/lib/thumb/v6-m/nofp\libc_nano.a(libc_a-mlock.o)
                0x080077ec                __malloc_lock
 .text.__malloc_unlock
                0x080077fc       0x10 C:/ST/STM32CubeIDE_1.11.2/STM32CubeIDE/plugins/com.st.stm32cube.ide.mcu.externaltools.gnu-tools-for-stm32.13.3.rel1.win32_1.0.0.202411081344/tools/bin/../lib/gcc/arm-none-eabi/13.3.1/../../../../arm-none-eabi/lib/thumb/v6-m/nofp\libc_nano.a(libc_a-mlock.o)
                0x080077fc                __malloc_unlock
 .text.__ssputs_r
                0x0800780c       0xc0 C:/ST/STM32CubeIDE_1.11.2/STM32CubeIDE/plugins/com.st.stm32cube.ide.mcu.externaltools.gnu-tools-for-stm32.13.3.rel1.win32_1.0.0.202411081344/tools/bin/../lib/gcc/arm-none-eabi/13.3.1/../../../../arm-none-eabi/lib/thumb/v6-m/nofp\libc_nano.a(libc_a-nano-svfprintf.o)
                0x0800780c                __ssputs_r
 .text._svfprintf_r
                0x080078cc      0x1fc C:/ST/STM32CubeIDE_1.11.2/STM32CubeIDE/plugins/com.st.stm32cube.ide.mcu.externaltools.gnu-tools-for-stm32.13.3.rel1.win32_1.0.0.202411081344/tools/bin/../lib/gcc/arm-none-eabi/13.3.1/../../../../arm-none-eabi/lib/thumb/v6-m/nofp\libc_nano.a(libc_a-nano-svfprintf.o)
                0x080078cc                _svfiprintf_r
                0x080078cc                _svfprintf_r
 .text._printf_common
                0x08007ac8       0xde C:/ST/STM32CubeIDE_1.11.2/STM32CubeIDE/plugins/com.st.stm32cube.ide.mcu.externaltools.gnu-tools-for-stm32.13.3.rel1.win32_1.0.0.202411081344/tools/bin/../lib/gcc/arm-none-eabi/13.3.1/../../../../arm-none-eabi/lib/thumb/v6-m/nofp\libc_nano.a(libc_a-nano-vfprintf_i.o)
                0x08007ac8                _printf_common
 *fill*         0x08007ba6        0x2 
 .text._printf_i
                0x08007ba8      0x218 C:/ST/STM32CubeIDE_1.11.2/STM32CubeIDE/plugins/com.st.stm32cube.ide.mcu.externaltools.gnu-tools-for-stm32.13.3.rel1.win32_1.0.0.202411081344/tools/bin/../lib/gcc/arm-none-eabi/13.3.1/../../../../arm-none-eabi/lib/thumb/v6-m/nofp\libc_nano.a(libc_a-nano-vfprintf_i.o)
                0x08007ba8                _printf_i
 .text.memmove  0x08007dc0       0x24 C:/ST/STM32CubeIDE_1.11.2/STM32CubeIDE/plugins/com.st.stm32cube.ide.mcu.externaltools.gnu-tools-for-stm32.13.3.rel1.win32_1.0.0.202411081344/tools/bin/../lib/gcc/arm-none-eabi/13.3.1/../../../../arm-none-eabi/lib/thumb/v6-m/nofp\libc_nano.a(libc_a-memmove.o)
                0x08007dc0                memmove
 .text._sbrk_r  0x08007de4       0x24 C:/ST/STM32CubeIDE_1.11.2/STM32CubeIDE/plugins/com.st.stm32cube.ide.mcu.externaltools.gnu-tools-for-stm32.13.3.rel1.win32_1.0.0.202411081344/tools/bin/../lib/gcc/arm-none-eabi/13.3.1/../../../../arm-none-eabi/lib/thumb/v6-m/nofp\libc_nano.a(libc_a-sbrkr.o)
                0x08007de4                _sbrk_r
 .text.memchr   0x08007e08       0x16 C:/ST/STM32CubeIDE_1.11.2/STM32CubeIDE/plugins/com.st.stm32cube.ide.mcu.externaltools.gnu-tools-for-stm32.13.3.rel1.win32_1.0.0.202411081344/tools/bin/../lib/gcc/arm-none-eabi/13.3.1/../../../../arm-none-eabi/lib/thumb/v6-m/nofp\libc_nano.a(libc_a-memchr-stub.o)
                0x08007e08                memchr
 .text._realloc_r
                0x08007e1e       0x60 C:/ST/STM32CubeIDE_1.11.2/STM32CubeIDE/plugins/com.st.stm32cube.ide.mcu.externaltools.gnu-tools-for-stm32.13.3.rel1.win32_1.0.0.202411081344/tools/bin/../lib/gcc/arm-none-eabi/13.3.1/../../../../arm-none-eabi/lib/thumb/v6-m/nofp\libc_nano.a(libc_a-reallocr.o)
                0x08007e1e                _realloc_r
 .text._malloc_usable_size_r
                0x08007e7e       0x10 C:/ST/STM32CubeIDE_1.11.2/STM32CubeIDE/plugins/com.st.stm32cube.ide.mcu.externaltools.gnu-tools-for-stm32.13.3.rel1.win32_1.0.0.202411081344/tools/bin/../lib/gcc/arm-none-eabi/13.3.1/../../../../arm-none-eabi/lib/thumb/v6-m/nofp\libc_nano.a(libc_a-msizer.o)
                0x08007e7e                _malloc_usable_size_r
 *(.glue_7)
 .glue_7        0x08007e8e        0x0 linker stubs
 *(.glue_7t)
 .glue_7t       0x08007e8e        0x0 linker stubs
 *(.eh_frame)
 *fill*         0x08007e8e        0x2 
 .eh_frame      0x08007e90        0x0 C:/ST/STM32CubeIDE_1.11.2/STM32CubeIDE/plugins/com.st.stm32cube.ide.mcu.externaltools.gnu-tools-for-stm32.13.3.rel1.win32_1.0.0.202411081344/tools/bin/../lib/gcc/arm-none-eabi/13.3.1/thumb/v6-m/nofp/crtbegin.o
 *(.init)
 .init          0x08007e90        0x4 C:/ST/STM32CubeIDE_1.11.2/STM32CubeIDE/plugins/com.st.stm32cube.ide.mcu.externaltools.gnu-tools-for-stm32.13.3.rel1.win32_1.0.0.202411081344/tools/bin/../lib/gcc/arm-none-eabi/13.3.1/thumb/v6-m/nofp/crti.o
                0x08007e90                _init
 .init          0x08007e94        0x8 C:/ST/STM32CubeIDE_1.11.2/STM32CubeIDE/plugins/com.st.stm32cube.ide.mcu.externaltools.gnu-tools-for-stm32.13.3.rel1.win32_1.0.0.202411081344/tools/bin/../lib/gcc/arm-none-eabi/13.3.1/thumb/v6-m/nofp/crtn.o
 *(.fini)
 .fini          0x08007e9c        0x4 C:/ST/STM32CubeIDE_1.11.2/STM32CubeIDE/plugins/com.st.stm32cube.ide.mcu.externaltools.gnu-tools-for-stm32.13.3.rel1.win32_1.0.0.202411081344/tools/bin/../lib/gcc/arm-none-eabi/13.3.1/thumb/v6-m/nofp/crti.o
                0x08007e9c                _fini
 .fini          0x08007ea0        0x8 C:/ST/STM32CubeIDE_1.11.2/STM32CubeIDE/plugins/com.st.stm32cube.ide.mcu.externaltools.gnu-tools-for-stm32.13.3.rel1.win32_1.0.0.202411081344/tools/bin/../lib/gcc/arm-none-eabi/13.3.1/thumb/v6-m/nofp/crtn.o
                0x08007ea8                        . = ALIGN (0x4)
                0x08007ea8                        _etext = .

.vfp11_veneer   0x08007ea8        0x0
 .vfp11_veneer  0x08007ea8        0x0 linker stubs

.v4_bx          0x08007ea8        0x0
 .v4_bx         0x08007ea8        0x0 linker stubs

.iplt           0x08007ea8        0x0
 .iplt          0x08007ea8        0x0 C:/ST/STM32CubeIDE_1.11.2/STM32CubeIDE/plugins/com.st.stm32cube.ide.mcu.externaltools.gnu-tools-for-stm32.13.3.rel1.win32_1.0.0.202411081344/tools/bin/../lib/gcc/arm-none-eabi/13.3.1/thumb/v6-m/nofp/crtbegin.o

.rodata         0x08007ea8      0x300
                0x08007ea8                        . = ALIGN (0x4)
 *(.rodata)
 .rodata        0x08007ea8       0x16 ./Core/Src/subrotinas/SubrotinasConfiguracoes.o
 *fill*         0x08007ebe        0x2 
 .rodata        0x08007ec0       0xc3 ./Core/Src/subrotinas/SubrotinasLCD.o
 *fill*         0x08007f83        0x1 
 .rodata        0x08007f84        0x3 ./Core/Src/subrotinas/SubrotinasProtocoloRS485.o
 *fill*         0x08007f87        0x1 
 .rodata        0x08007f88       0xb0 ./Core/Src/subrotinas/SubrotinasTeclado.o
 .rodata        0x08008038        0x6 ./Core/Src/utilities/UtilityUART.o
 *(.rodata*)
 *fill*         0x0800803e        0x2 
 .rodata.serializer
                0x08008040       0x40 ./Core/Src/Utils.o
 .rodata.AHBPrescTable
                0x08008080       0x10 ./Core/Src/system_stm32f0xx.o
                0x08008080                AHBPrescTable
 .rodata.APBPrescTable
                0x08008090        0x8 ./Core/Src/system_stm32f0xx.o
                0x08008090                APBPrescTable
 .rodata.writeExternalEeprom
                0x08008098       0x20 ./Core/Src/utilities/UtilityEeprom.o
 .rodata.readExternalEeprom
                0x080080b8       0x20 ./Core/Src/utilities/UtilityEeprom.o
 .rodata.escreveDado
                0x080080d8       0x2c ./Core/Src/utilities/UtilityLCD.o
 .rodata.acionaSaidaTeclado
                0x08008104       0x14 ./Core/Src/utilities/UtilityTeclado.o
 .rodata.leituraTeclado
                0x08008118       0x14 ./Core/Src/utilities/UtilityTeclado.o
 .rodata.sprintfRs485
                0x0800812c       0x28 ./Core/Src/utilities/UtilityUART.o
 .rodata.aPLLMULFactorTable.1
                0x08008154       0x10 ./Drivers/STM32F0xx_HAL_Driver/Src/stm32f0xx_hal_rcc.o
 .rodata.aPredivFactorTable.0
                0x08008164       0x10 ./Drivers/STM32F0xx_HAL_Driver/Src/stm32f0xx_hal_rcc.o
 .rodata._svfprintf_r.str1.1
                0x08008174       0x33 C:/ST/STM32CubeIDE_1.11.2/STM32CubeIDE/plugins/com.st.stm32cube.ide.mcu.externaltools.gnu-tools-for-stm32.13.3.rel1.win32_1.0.0.202411081344/tools/bin/../lib/gcc/arm-none-eabi/13.3.1/../../../../arm-none-eabi/lib/thumb/v6-m/nofp\libc_nano.a(libc_a-nano-svfprintf.o)
                                 0x11 (size before relaxing)
 .rodata._printf_i.str1.1
                0x080081a7       0x22 C:/ST/STM32CubeIDE_1.11.2/STM32CubeIDE/plugins/com.st.stm32cube.ide.mcu.externaltools.gnu-tools-for-stm32.13.3.rel1.win32_1.0.0.202411081344/tools/bin/../lib/gcc/arm-none-eabi/13.3.1/../../../../arm-none-eabi/lib/thumb/v6-m/nofp\libc_nano.a(libc_a-nano-vfprintf_i.o)
                0x080081cc                        . = ALIGN (0x4)
 *fill*         0x080081a7        0x1 

.ARM.extab      0x080081a8        0x0
                0x080081a8                        . = ALIGN (0x4)
 *(.ARM.extab* .gnu.linkonce.armextab.*)
                0x080081a8                        . = ALIGN (0x4)

.ARM            0x080081a8        0x0
                0x080081a8                        . = ALIGN (0x4)
                0x080081a8                        __exidx_start = .
 *(.ARM.exidx*)
                0x080081a8                        __exidx_end = .
                0x080081a8                        . = ALIGN (0x4)

.preinit_array  0x080081a8        0x0
                0x080081a8                        . = ALIGN (0x4)
                0x080081a8                        PROVIDE (__preinit_array_start = .)
 *(.preinit_array*)
                0x080081a8                        PROVIDE (__preinit_array_end = .)
                0x080081a8                        . = ALIGN (0x4)

.init_array     0x080081a8        0x4
                0x080081a8                        . = ALIGN (0x4)
                0x080081a8                        PROVIDE (__init_array_start = .)
 *(SORT_BY_NAME(.init_array.*))
 *(.init_array*)
 .init_array    0x080081a8        0x4 C:/ST/STM32CubeIDE_1.11.2/STM32CubeIDE/plugins/com.st.stm32cube.ide.mcu.externaltools.gnu-tools-for-stm32.13.3.rel1.win32_1.0.0.202411081344/tools/bin/../lib/gcc/arm-none-eabi/13.3.1/thumb/v6-m/nofp/crtbegin.o
                0x080081ac                        PROVIDE (__init_array_end = .)
                0x080081ac                        . = ALIGN (0x4)

.fini_array     0x080081ac        0x4
                0x080081ac                        . = ALIGN (0x4)
                [!provide]                        PROVIDE (__fini_array_start = .)
 *(SORT_BY_NAME(.fini_array.*))
 *(.fini_array*)
 .fini_array    0x080081ac        0x4 C:/ST/STM32CubeIDE_1.11.2/STM32CubeIDE/plugins/com.st.stm32cube.ide.mcu.externaltools.gnu-tools-for-stm32.13.3.rel1.win32_1.0.0.202411081344/tools/bin/../lib/gcc/arm-none-eabi/13.3.1/thumb/v6-m/nofp/crtbegin.o
                [!provide]                        PROVIDE (__fini_array_end = .)
                0x080081b0                        . = ALIGN (0x4)
                0x080081b0                        _sidata = LOADADDR (.data)

.rel.dyn        0x080081b0        0x0
 .rel.iplt      0x080081b0        0x0 C:/ST/STM32CubeIDE_1.11.2/STM32CubeIDE/plugins/com.st.stm32cube.ide.mcu.externaltools.gnu-tools-for-stm32.13.3.rel1.win32_1.0.0.202411081344/tools/bin/../lib/gcc/arm-none-eabi/13.3.1/thumb/v6-m/nofp/crtbegin.o

.data           0x20000000       0x60 load address 0x080081b0
                0x20000000                        . = ALIGN (0x4)
                0x20000000                        _sdata = .
 *(.data)
 *(.data*)
 .data.tipoCronometro
                0x20000000        0x1 ./Core/Src/main.o
                0x20000000                tipoCronometro
 *fill*         0x20000001        0x3 
 .data.SystemCoreClock
                0x20000004        0x4 ./Core/Src/system_stm32f0xx.o
                0x20000004                SystemCoreClock
 .data.uwTickPrio
                0x20000008        0x4 ./Drivers/STM32F0xx_HAL_Driver/Src/stm32f0xx_hal.o
                0x20000008                uwTickPrio
 .data.uwTickFreq
                0x2000000c        0x1 ./Drivers/STM32F0xx_HAL_Driver/Src/stm32f0xx_hal.o
                0x2000000c                uwTickFreq
 *fill*         0x2000000d        0x3 
 .data._impure_ptr
                0x20000010        0x4 C:/ST/STM32CubeIDE_1.11.2/STM32CubeIDE/plugins/com.st.stm32cube.ide.mcu.externaltools.gnu-tools-for-stm32.13.3.rel1.win32_1.0.0.202411081344/tools/bin/../lib/gcc/arm-none-eabi/13.3.1/../../../../arm-none-eabi/lib/thumb/v6-m/nofp\libc_nano.a(libc_a-impure.o)
                0x20000010                _impure_ptr
 .data._impure_data
                0x20000014       0x4c C:/ST/STM32CubeIDE_1.11.2/STM32CubeIDE/plugins/com.st.stm32cube.ide.mcu.externaltools.gnu-tools-for-stm32.13.3.rel1.win32_1.0.0.202411081344/tools/bin/../lib/gcc/arm-none-eabi/13.3.1/../../../../arm-none-eabi/lib/thumb/v6-m/nofp\libc_nano.a(libc_a-impure.o)
                0x20000014                _impure_data
 *(.RamFunc)
 *(.RamFunc*)
                0x20000060                        . = ALIGN (0x4)
                0x20000060                        _edata = .

.igot.plt       0x20000060        0x0 load address 0x08008210
 .igot.plt      0x20000060        0x0 C:/ST/STM32CubeIDE_1.11.2/STM32CubeIDE/plugins/com.st.stm32cube.ide.mcu.externaltools.gnu-tools-for-stm32.13.3.rel1.win32_1.0.0.202411081344/tools/bin/../lib/gcc/arm-none-eabi/13.3.1/thumb/v6-m/nofp/crtbegin.o
                0x20000060                        . = ALIGN (0x4)

.bss            0x20000060      0x3c0 load address 0x08008210
                0x20000060                        _sbss = .
                0x20000060                        __bss_start__ = _sbss
 *(.bss)
 .bss           0x20000060       0x1c C:/ST/STM32CubeIDE_1.11.2/STM32CubeIDE/plugins/com.st.stm32cube.ide.mcu.externaltools.gnu-tools-for-stm32.13.3.rel1.win32_1.0.0.202411081344/tools/bin/../lib/gcc/arm-none-eabi/13.3.1/thumb/v6-m/nofp/crtbegin.o
 *(.bss*)
 .bss.conta100us.3
                0x2000007c        0x1 ./Core/Src/Scheduler.o
 .bss.conta1ms.2
                0x2000007d        0x1 ./Core/Src/Scheduler.o
 .bss.conta10ms.1
                0x2000007e        0x1 ./Core/Src/Scheduler.o
 .bss.conta100ms.0
                0x2000007f        0x1 ./Core/Src/Scheduler.o
 .bss.hi2c2     0x20000080       0x54 ./Core/Src/main.o
                0x20000080                hi2c2
 .bss.hiwdg     0x200000d4       0x10 ./Core/Src/main.o
                0x200000d4                hiwdg
 .bss.htim2     0x200000e4       0x48 ./Core/Src/main.o
                0x200000e4                htim2
 .bss.htim3     0x2000012c       0x48 ./Core/Src/main.o
                0x2000012c                htim3
 .bss.huart2    0x20000174       0x88 ./Core/Src/main.o
                0x20000174                huart2
 .bss.cronometro
                0x200001fc        0x3 ./Core/Src/main.o
                0x200001fc                cronometro
 *fill*         0x200001ff        0x1 
 .bss.setpointCronometro
                0x20000200        0x3 ./Core/Src/main.o
                0x20000200                setpointCronometro
 .bss.flagBotaoProgramacao
                0x20000203        0x1 ./Core/Src/main.o
                0x20000203                flagBotaoProgramacao
 .bss.flagBotao5Min
                0x20000204        0x1 ./Core/Src/main.o
                0x20000204                flagBotao5Min
 .bss.flagBotao20Min
                0x20000205        0x1 ./Core/Src/main.o
                0x20000205                flagBotao20Min
 .bss.flagBotaoFaltaA
                0x20000206        0x1 ./Core/Src/main.o
                0x20000206                flagBotaoFaltaA
 .bss.flagBotaoPontoA
                0x20000207        0x1 ./Core/Src/main.o
                0x20000207                flagBotaoPontoA
 .bss.flagBotao2PontosA
                0x20000208        0x1 ./Core/Src/main.o
                0x20000208                flagBotao2PontosA
 .bss.flagBotaoProgrRegr
                0x20000209        0x1 ./Core/Src/main.o
                0x20000209                flagBotaoProgrRegr
 .bss.flagBotao10Min
                0x2000020a        0x1 ./Core/Src/main.o
                0x2000020a                flagBotao10Min
 .bss.flagBotaoZeraTudo
                0x2000020b        0x1 ./Core/Src/main.o
                0x2000020b                flagBotaoZeraTudo
 .bss.flagBotaoRemoveFaltaA
                0x2000020c        0x1 ./Core/Src/main.o
                0x2000020c                flagBotaoRemoveFaltaA
 .bss.flagBotaoRemovePontoA
                0x2000020d        0x1 ./Core/Src/main.o
                0x2000020d                flagBotaoRemovePontoA
 .bss.flagBotao3PontosA
                0x2000020e        0x1 ./Core/Src/main.o
                0x2000020e                flagBotao3PontosA
 .bss.flagBotaoTempoA
                0x2000020f        0x1 ./Core/Src/main.o
                0x2000020f                flagBotaoTempoA
 .bss.flagBotaoCampainha
                0x20000210        0x1 ./Core/Src/main.o
                0x20000210                flagBotaoCampainha
 .bss.flagBotaoSoltaCronometro
                0x20000211        0x1 ./Core/Src/main.o
                0x20000211                flagBotaoSoltaCronometro
 .bss.flagBotaoTempoB
                0x20000212        0x1 ./Core/Src/main.o
                0x20000212                flagBotaoTempoB
 .bss.flagBotaoPeriodo
                0x20000213        0x1 ./Core/Src/main.o
                0x20000213                flagBotaoPeriodo
 .bss.flagBotaoParaCronometro
                0x20000214        0x1 ./Core/Src/main.o
                0x20000214                flagBotaoParaCronometro
 .bss.flagBotao1Min
                0x20000215        0x1 ./Core/Src/main.o
                0x20000215                flagBotao1Min
 .bss.flagBotao1Seg
                0x20000216        0x1 ./Core/Src/main.o
                0x20000216                flagBotao1Seg
 .bss.flagBotaoZeraFalta
                0x20000217        0x1 ./Core/Src/main.o
                0x20000217                flagBotaoZeraFalta
 .bss.flagBotaoFaltaB
                0x20000218        0x1 ./Core/Src/main.o
                0x20000218                flagBotaoFaltaB
 .bss.flagBotaoPontoB
                0x20000219        0x1 ./Core/Src/main.o
                0x20000219                flagBotaoPontoB
 .bss.flagBotao2PontosB
                0x2000021a        0x1 ./Core/Src/main.o
                0x2000021a                flagBotao2PontosB
 .bss.flagBotaoRemove1Min
                0x2000021b        0x1 ./Core/Src/main.o
                0x2000021b                flagBotaoRemove1Min
 .bss.flagBotaoRemove1Seg
                0x2000021c        0x1 ./Core/Src/main.o
                0x2000021c                flagBotaoRemove1Seg
 .bss.flagBotaoZeraCronometro
                0x2000021d        0x1 ./Core/Src/main.o
                0x2000021d                flagBotaoZeraCronometro
 .bss.flagBotaoRemoveFaltaB
                0x2000021e        0x1 ./Core/Src/main.o
                0x2000021e                flagBotaoRemoveFaltaB
 .bss.flagBotaoRemovePontoB
                0x2000021f        0x1 ./Core/Src/main.o
                0x2000021f                flagBotaoRemovePontoB
 .bss.flagBotao3PontosB
                0x20000220        0x1 ./Core/Src/main.o
                0x20000220                flagBotao3PontosB
 .bss.flagLedCOM
                0x20000221        0x1 ./Core/Src/main.o
                0x20000221                flagLedCOM
 .bss.flagBuzzer
                0x20000222        0x1 ./Core/Src/main.o
                0x20000222                flagBuzzer
 .bss.flagCronometro
                0x20000223        0x1 ./Core/Src/main.o
                0x20000223                flagCronometro
 .bss.flagPacoteRS485
                0x20000224        0x1 ./Core/Src/main.o
                0x20000224                flagPacoteRS485
 .bss.contadorRS485Buffer
                0x20000225        0x1 ./Core/Src/main.o
                0x20000225                contadorRS485Buffer
 .bss.rs485DataIn
                0x20000226        0x1 ./Core/Src/main.o
                0x20000226                rs485DataIn
 *fill*         0x20000227        0x1 
 .bss.pontosEquipeA
                0x20000228        0x2 ./Core/Src/main.o
                0x20000228                pontosEquipeA
 .bss.pontosEquipeB
                0x2000022a        0x2 ./Core/Src/main.o
                0x2000022a                pontosEquipeB
 .bss.pressAndHoldProgramacao
                0x2000022c        0x2 ./Core/Src/main.o
                0x2000022c                pressAndHoldProgramacao
 .bss.pressAndHoldZeraFaltas
                0x2000022e        0x2 ./Core/Src/main.o
                0x2000022e                pressAndHoldZeraFaltas
 .bss.pressAndHoldZeraCronometro
                0x20000230        0x2 ./Core/Src/main.o
                0x20000230                pressAndHoldZeraCronometro
 .bss.pressAndHoldZeraTudo
                0x20000232        0x2 ./Core/Src/main.o
                0x20000232                pressAndHoldZeraTudo
 .bss.pressAndHoldPeriodo
                0x20000234        0x2 ./Core/Src/main.o
                0x20000234                pressAndHoldPeriodo
 *fill*         0x20000236        0x2 
 .bss.rs485Buffer
                0x20000238       0x40 ./Core/Src/main.o
                0x20000238                rs485Buffer
 .bss.rs485EnviaBuffer
                0x20000278       0x40 ./Core/Src/main.o
                0x20000278                rs485EnviaBuffer
 .bss.__sbrk_heap_end
                0x200002b8        0x4 ./Core/Src/sysmem.o
 .bss.whileBotaoPontoA.20
                0x200002bc        0x1 ./Core/Src/subrotinas/SubrotinasTeclado.o
 .bss.whileBotao2PontosA.19
                0x200002bd        0x1 ./Core/Src/subrotinas/SubrotinasTeclado.o
 .bss.whileBotao3PontosA.18
                0x200002be        0x1 ./Core/Src/subrotinas/SubrotinasTeclado.o
 .bss.whileBotaoRemovePontoA.17
                0x200002bf        0x1 ./Core/Src/subrotinas/SubrotinasTeclado.o
 .bss.whileBotaoFaltaA.16
                0x200002c0        0x1 ./Core/Src/subrotinas/SubrotinasTeclado.o
 .bss.whileBotaoRemoveFaltaA.15
                0x200002c1        0x1 ./Core/Src/subrotinas/SubrotinasTeclado.o
 .bss.whileBotaoTempoA.14
                0x200002c2        0x1 ./Core/Src/subrotinas/SubrotinasTeclado.o
 .bss.whileBotaoPontoB.13
                0x200002c3        0x1 ./Core/Src/subrotinas/SubrotinasTeclado.o
 .bss.whileBotao2PontosB.12
                0x200002c4        0x1 ./Core/Src/subrotinas/SubrotinasTeclado.o
 .bss.whileBotao3PontosB.11
                0x200002c5        0x1 ./Core/Src/subrotinas/SubrotinasTeclado.o
 .bss.whileBotaoRemovePontoB.10
                0x200002c6        0x1 ./Core/Src/subrotinas/SubrotinasTeclado.o
 .bss.whileBotaoFaltaB.9
                0x200002c7        0x1 ./Core/Src/subrotinas/SubrotinasTeclado.o
 .bss.whileBotaoRemoveFaltaB.8
                0x200002c8        0x1 ./Core/Src/subrotinas/SubrotinasTeclado.o
 .bss.whileBotaoTempoB.7
                0x200002c9        0x1 ./Core/Src/subrotinas/SubrotinasTeclado.o
 .bss.whileBotaoSoltaCronometro.6
                0x200002ca        0x1 ./Core/Src/subrotinas/SubrotinasTeclado.o
 .bss.whileBotaoParaCronometro.5
                0x200002cb        0x1 ./Core/Src/subrotinas/SubrotinasTeclado.o
 .bss.whileBotaoCampainha.4
                0x200002cc        0x1 ./Core/Src/subrotinas/SubrotinasTeclado.o
 .bss.whileBotaoZeraFaltas.3
                0x200002cd        0x1 ./Core/Src/subrotinas/SubrotinasTeclado.o
 .bss.whileBotaoZeraCronometro.2
                0x200002ce        0x1 ./Core/Src/subrotinas/SubrotinasTeclado.o
 .bss.whileBotaoZeraTudo.1
                0x200002cf        0x1 ./Core/Src/subrotinas/SubrotinasTeclado.o
 .bss.whileBotaoPeriodo.0
                0x200002d0        0x1 ./Core/Src/subrotinas/SubrotinasTeclado.o
 .bss.saida.0   0x200002d1        0x1 ./Core/Src/utilities/UtilityTeclado.o
 *fill*         0x200002d2        0x2 
 .bss.uwTick    0x200002d4        0x4 ./Drivers/STM32F0xx_HAL_Driver/Src/stm32f0xx_hal.o
                0x200002d4                uwTick
 .bss.__sf      0x200002d8      0x138 C:/ST/STM32CubeIDE_1.11.2/STM32CubeIDE/plugins/com.st.stm32cube.ide.mcu.externaltools.gnu-tools-for-stm32.13.3.rel1.win32_1.0.0.202411081344/tools/bin/../lib/gcc/arm-none-eabi/13.3.1/../../../../arm-none-eabi/lib/thumb/v6-m/nofp\libc_nano.a(libc_a-findfp.o)
                0x200002d8                __sf
 .bss.errno     0x20000410        0x4 C:/ST/STM32CubeIDE_1.11.2/STM32CubeIDE/plugins/com.st.stm32cube.ide.mcu.externaltools.gnu-tools-for-stm32.13.3.rel1.win32_1.0.0.202411081344/tools/bin/../lib/gcc/arm-none-eabi/13.3.1/../../../../arm-none-eabi/lib/thumb/v6-m/nofp\libc_nano.a(libc_a-reent.o)
                0x20000410                errno
 .bss.__lock___malloc_recursive_mutex
                0x20000414        0x1 C:/ST/STM32CubeIDE_1.11.2/STM32CubeIDE/plugins/com.st.stm32cube.ide.mcu.externaltools.gnu-tools-for-stm32.13.3.rel1.win32_1.0.0.202411081344/tools/bin/../lib/gcc/arm-none-eabi/13.3.1/../../../../arm-none-eabi/lib/thumb/v6-m/nofp\libc_nano.a(libc_a-lock.o)
                0x20000414                __lock___malloc_recursive_mutex
 *fill*         0x20000415        0x3 
 .bss.__malloc_sbrk_start
                0x20000418        0x4 C:/ST/STM32CubeIDE_1.11.2/STM32CubeIDE/plugins/com.st.stm32cube.ide.mcu.externaltools.gnu-tools-for-stm32.13.3.rel1.win32_1.0.0.202411081344/tools/bin/../lib/gcc/arm-none-eabi/13.3.1/../../../../arm-none-eabi/lib/thumb/v6-m/nofp\libc_nano.a(libc_a-mallocr.o)
                0x20000418                __malloc_sbrk_start
 .bss.__malloc_free_list
                0x2000041c        0x4 C:/ST/STM32CubeIDE_1.11.2/STM32CubeIDE/plugins/com.st.stm32cube.ide.mcu.externaltools.gnu-tools-for-stm32.13.3.rel1.win32_1.0.0.202411081344/tools/bin/../lib/gcc/arm-none-eabi/13.3.1/../../../../arm-none-eabi/lib/thumb/v6-m/nofp\libc_nano.a(libc_a-mallocr.o)
                0x2000041c                __malloc_free_list
 *(COMMON)
                0x20000420                        . = ALIGN (0x4)
                0x20000420                        _ebss = .
                0x20000420                        __bss_end__ = _ebss

._user_heap_stack
                0x20000420      0x600 load address 0x08008210
                0x20000420                        . = ALIGN (0x8)
                [!provide]                        PROVIDE (end = .)
                0x20000420                        PROVIDE (_end = .)
                0x20000620                        . = (. + _Min_Heap_Size)
 *fill*         0x20000420      0x200 
                0x20000a20                        . = (. + _Min_Stack_Size)
 *fill*         0x20000620      0x400 
                0x20000a20                        . = ALIGN (0x8)

/DISCARD/
 libc.a(*)
 libm.a(*)
 libgcc.a(*)

.ARM.attributes
                0x00000000       0x28
 *(.ARM.attributes)
 .ARM.attributes
                0x00000000       0x1e C:/ST/STM32CubeIDE_1.11.2/STM32CubeIDE/plugins/com.st.stm32cube.ide.mcu.externaltools.gnu-tools-for-stm32.13.3.rel1.win32_1.0.0.202411081344/tools/bin/../lib/gcc/arm-none-eabi/13.3.1/thumb/v6-m/nofp/crti.o
 .ARM.attributes
                0x0000001e       0x2c C:/ST/STM32CubeIDE_1.11.2/STM32CubeIDE/plugins/com.st.stm32cube.ide.mcu.externaltools.gnu-tools-for-stm32.13.3.rel1.win32_1.0.0.202411081344/tools/bin/../lib/gcc/arm-none-eabi/13.3.1/thumb/v6-m/nofp/crtbegin.o
 .ARM.attributes
                0x0000004a       0x2c ./Core/Src/Scheduler.o
 .ARM.attributes
                0x00000076       0x2c ./Core/Src/Utils.o
 .ARM.attributes
                0x000000a2       0x2c ./Core/Src/main.o
 .ARM.attributes
                0x000000ce       0x2c ./Core/Src/stm32f0xx_hal_msp.o
 .ARM.attributes
                0x000000fa       0x2c ./Core/Src/stm32f0xx_it.o
 .ARM.attributes
                0x00000126       0x2c ./Core/Src/sysmem.o
 .ARM.attributes
                0x00000152       0x2c ./Core/Src/system_stm32f0xx.o
 .ARM.attributes
                0x0000017e       0x2c ./Core/Src/subrotinas/SubrotinasConfiguracoes.o
 .ARM.attributes
                0x000001aa       0x2c ./Core/Src/subrotinas/SubrotinasLCD.o
 .ARM.attributes
                0x000001d6       0x2c ./Core/Src/subrotinas/SubrotinasProtocoloRS485.o
 .ARM.attributes
                0x00000202       0x2c ./Core/Src/subrotinas/SubrotinasTeclado.o
 .ARM.attributes
                0x0000022e       0x2c ./Core/Src/utilities/UtilityEeprom.o
 .ARM.attributes
                0x0000025a       0x2c ./Core/Src/utilities/UtilityGPIO.o
 .ARM.attributes
                0x00000286       0x2c ./Core/Src/utilities/UtilityLCD.o
 .ARM.attributes
                0x000002b2       0x2c ./Core/Src/utilities/UtilityTeclado.o
 .ARM.attributes
                0x000002de       0x2c ./Core/Src/utilities/UtilityUART.o
 .ARM.attributes
                0x0000030a       0x21 ./Core/Startup/startup_stm32f072rbtx.o
 .ARM.attributes
                0x0000032b       0x2c ./Drivers/STM32F0xx_HAL_Driver/Src/stm32f0xx_hal.o
 .ARM.attributes
                0x00000357       0x2c ./Drivers/STM32F0xx_HAL_Driver/Src/stm32f0xx_hal_cortex.o
 .ARM.attributes
                0x00000383       0x2c ./Drivers/STM32F0xx_HAL_Driver/Src/stm32f0xx_hal_dma.o
 .ARM.attributes
                0x000003af       0x2c ./Drivers/STM32F0xx_HAL_Driver/Src/stm32f0xx_hal_gpio.o
 .ARM.attributes
                0x000003db       0x2c ./Drivers/STM32F0xx_HAL_Driver/Src/stm32f0xx_hal_i2c.o
 .ARM.attributes
                0x00000407       0x2c ./Drivers/STM32F0xx_HAL_Driver/Src/stm32f0xx_hal_i2c_ex.o
 .ARM.attributes
                0x00000433       0x2c ./Drivers/STM32F0xx_HAL_Driver/Src/stm32f0xx_hal_iwdg.o
 .ARM.attributes
                0x0000045f       0x2c ./Drivers/STM32F0xx_HAL_Driver/Src/stm32f0xx_hal_rcc.o
 .ARM.attributes
                0x0000048b       0x2c ./Drivers/STM32F0xx_HAL_Driver/Src/stm32f0xx_hal_rcc_ex.o
 .ARM.attributes
                0x000004b7       0x2c ./Drivers/STM32F0xx_HAL_Driver/Src/stm32f0xx_hal_tim.o
 .ARM.attributes
                0x000004e3       0x2c ./Drivers/STM32F0xx_HAL_Driver/Src/stm32f0xx_hal_tim_ex.o
 .ARM.attributes
                0x0000050f       0x2c ./Drivers/STM32F0xx_HAL_Driver/Src/stm32f0xx_hal_uart.o
 .ARM.attributes
                0x0000053b       0x2c ./Drivers/STM32F0xx_HAL_Driver/Src/stm32f0xx_hal_uart_ex.o
 .ARM.attributes
                0x00000567       0x2c C:/ST/STM32CubeIDE_1.11.2/STM32CubeIDE/plugins/com.st.stm32cube.ide.mcu.externaltools.gnu-tools-for-stm32.13.3.rel1.win32_1.0.0.202411081344/tools/bin/../lib/gcc/arm-none-eabi/13.3.1/../../../../arm-none-eabi/lib/thumb/v6-m/nofp\libc_nano.a(libc_a-findfp.o)
 .ARM.attributes
                0x00000593       0x2c C:/ST/STM32CubeIDE_1.11.2/STM32CubeIDE/plugins/com.st.stm32cube.ide.mcu.externaltools.gnu-tools-for-stm32.13.3.rel1.win32_1.0.0.202411081344/tools/bin/../lib/gcc/arm-none-eabi/13.3.1/../../../../arm-none-eabi/lib/thumb/v6-m/nofp\libc_nano.a(libc_a-sprintf.o)
 .ARM.attributes
                0x000005bf       0x2c C:/ST/STM32CubeIDE_1.11.2/STM32CubeIDE/plugins/com.st.stm32cube.ide.mcu.externaltools.gnu-tools-for-stm32.13.3.rel1.win32_1.0.0.202411081344/tools/bin/../lib/gcc/arm-none-eabi/13.3.1/../../../../arm-none-eabi/lib/thumb/v6-m/nofp\libc_nano.a(libc_a-memset.o)
 .ARM.attributes
                0x000005eb       0x2c C:/ST/STM32CubeIDE_1.11.2/STM32CubeIDE/plugins/com.st.stm32cube.ide.mcu.externaltools.gnu-tools-for-stm32.13.3.rel1.win32_1.0.0.202411081344/tools/bin/../lib/gcc/arm-none-eabi/13.3.1/../../../../arm-none-eabi/lib/thumb/v6-m/nofp\libc_nano.a(libc_a-strcat.o)
 .ARM.attributes
                0x00000617       0x2c C:/ST/STM32CubeIDE_1.11.2/STM32CubeIDE/plugins/com.st.stm32cube.ide.mcu.externaltools.gnu-tools-for-stm32.13.3.rel1.win32_1.0.0.202411081344/tools/bin/../lib/gcc/arm-none-eabi/13.3.1/../../../../arm-none-eabi/lib/thumb/v6-m/nofp\libc_nano.a(libc_a-reent.o)
 .ARM.attributes
                0x00000643       0x2c C:/ST/STM32CubeIDE_1.11.2/STM32CubeIDE/plugins/com.st.stm32cube.ide.mcu.externaltools.gnu-tools-for-stm32.13.3.rel1.win32_1.0.0.202411081344/tools/bin/../lib/gcc/arm-none-eabi/13.3.1/../../../../arm-none-eabi/lib/thumb/v6-m/nofp\libc_nano.a(libc_a-impure.o)
 .ARM.attributes
                0x0000066f       0x2c C:/ST/STM32CubeIDE_1.11.2/STM32CubeIDE/plugins/com.st.stm32cube.ide.mcu.externaltools.gnu-tools-for-stm32.13.3.rel1.win32_1.0.0.202411081344/tools/bin/../lib/gcc/arm-none-eabi/13.3.1/../../../../arm-none-eabi/lib/thumb/v6-m/nofp\libc_nano.a(libc_a-errno.o)
 .ARM.attributes
                0x0000069b       0x2c C:/ST/STM32CubeIDE_1.11.2/STM32CubeIDE/plugins/com.st.stm32cube.ide.mcu.externaltools.gnu-tools-for-stm32.13.3.rel1.win32_1.0.0.202411081344/tools/bin/../lib/gcc/arm-none-eabi/13.3.1/../../../../arm-none-eabi/lib/thumb/v6-m/nofp\libc_nano.a(libc_a-init.o)
 .ARM.attributes
                0x000006c7       0x2c C:/ST/STM32CubeIDE_1.11.2/STM32CubeIDE/plugins/com.st.stm32cube.ide.mcu.externaltools.gnu-tools-for-stm32.13.3.rel1.win32_1.0.0.202411081344/tools/bin/../lib/gcc/arm-none-eabi/13.3.1/../../../../arm-none-eabi/lib/thumb/v6-m/nofp\libc_nano.a(libc_a-lock.o)
 .ARM.attributes
                0x000006f3       0x2c C:/ST/STM32CubeIDE_1.11.2/STM32CubeIDE/plugins/com.st.stm32cube.ide.mcu.externaltools.gnu-tools-for-stm32.13.3.rel1.win32_1.0.0.202411081344/tools/bin/../lib/gcc/arm-none-eabi/13.3.1/../../../../arm-none-eabi/lib/thumb/v6-m/nofp\libc_nano.a(libc_a-memcpy-stub.o)
 .ARM.attributes
                0x0000071f       0x1c C:/ST/STM32CubeIDE_1.11.2/STM32CubeIDE/plugins/com.st.stm32cube.ide.mcu.externaltools.gnu-tools-for-stm32.13.3.rel1.win32_1.0.0.202411081344/tools/bin/../lib/gcc/arm-none-eabi/13.3.1/../../../../arm-none-eabi/lib/thumb/v6-m/nofp\libc_nano.a(libc_a-strlen.o)
 .ARM.attributes
                0x0000073b       0x2c C:/ST/STM32CubeIDE_1.11.2/STM32CubeIDE/plugins/com.st.stm32cube.ide.mcu.externaltools.gnu-tools-for-stm32.13.3.rel1.win32_1.0.0.202411081344/tools/bin/../lib/gcc/arm-none-eabi/13.3.1/../../../../arm-none-eabi/lib/thumb/v6-m/nofp\libc_nano.a(libc_a-freer.o)
 .ARM.attributes
                0x00000767       0x2c C:/ST/STM32CubeIDE_1.11.2/STM32CubeIDE/plugins/com.st.stm32cube.ide.mcu.externaltools.gnu-tools-for-stm32.13.3.rel1.win32_1.0.0.202411081344/tools/bin/../lib/gcc/arm-none-eabi/13.3.1/../../../../arm-none-eabi/lib/thumb/v6-m/nofp\libc_nano.a(libc_a-mallocr.o)
 .ARM.attributes
                0x00000793       0x2c C:/ST/STM32CubeIDE_1.11.2/STM32CubeIDE/plugins/com.st.stm32cube.ide.mcu.externaltools.gnu-tools-for-stm32.13.3.rel1.win32_1.0.0.202411081344/tools/bin/../lib/gcc/arm-none-eabi/13.3.1/../../../../arm-none-eabi/lib/thumb/v6-m/nofp\libc_nano.a(libc_a-mlock.o)
 .ARM.attributes
                0x000007bf       0x2c C:/ST/STM32CubeIDE_1.11.2/STM32CubeIDE/plugins/com.st.stm32cube.ide.mcu.externaltools.gnu-tools-for-stm32.13.3.rel1.win32_1.0.0.202411081344/tools/bin/../lib/gcc/arm-none-eabi/13.3.1/../../../../arm-none-eabi/lib/thumb/v6-m/nofp\libc_nano.a(libc_a-nano-svfprintf.o)
 .ARM.attributes
                0x000007eb       0x2c C:/ST/STM32CubeIDE_1.11.2/STM32CubeIDE/plugins/com.st.stm32cube.ide.mcu.externaltools.gnu-tools-for-stm32.13.3.rel1.win32_1.0.0.202411081344/tools/bin/../lib/gcc/arm-none-eabi/13.3.1/../../../../arm-none-eabi/lib/thumb/v6-m/nofp\libc_nano.a(libc_a-nano-vfprintf_i.o)
 .ARM.attributes
                0x00000817       0x2c C:/ST/STM32CubeIDE_1.11.2/STM32CubeIDE/plugins/com.st.stm32cube.ide.mcu.externaltools.gnu-tools-for-stm32.13.3.rel1.win32_1.0.0.202411081344/tools/bin/../lib/gcc/arm-none-eabi/13.3.1/../../../../arm-none-eabi/lib/thumb/v6-m/nofp\libc_nano.a(libc_a-memmove.o)
 .ARM.attributes
                0x00000843       0x2c C:/ST/STM32CubeIDE_1.11.2/STM32CubeIDE/plugins/com.st.stm32cube.ide.mcu.externaltools.gnu-tools-for-stm32.13.3.rel1.win32_1.0.0.202411081344/tools/bin/../lib/gcc/arm-none-eabi/13.3.1/../../../../arm-none-eabi/lib/thumb/v6-m/nofp\libc_nano.a(libc_a-sbrkr.o)
 .ARM.attributes
                0x0000086f       0x2c C:/ST/STM32CubeIDE_1.11.2/STM32CubeIDE/plugins/com.st.stm32cube.ide.mcu.externaltools.gnu-tools-for-stm32.13.3.rel1.win32_1.0.0.202411081344/tools/bin/../lib/gcc/arm-none-eabi/13.3.1/../../../../arm-none-eabi/lib/thumb/v6-m/nofp\libc_nano.a(libc_a-memchr-stub.o)
 .ARM.attributes
                0x0000089b       0x2c C:/ST/STM32CubeIDE_1.11.2/STM32CubeIDE/plugins/com.st.stm32cube.ide.mcu.externaltools.gnu-tools-for-stm32.13.3.rel1.win32_1.0.0.202411081344/tools/bin/../lib/gcc/arm-none-eabi/13.3.1/../../../../arm-none-eabi/lib/thumb/v6-m/nofp\libc_nano.a(libc_a-reallocr.o)
 .ARM.attributes
                0x000008c7       0x2c C:/ST/STM32CubeIDE_1.11.2/STM32CubeIDE/plugins/com.st.stm32cube.ide.mcu.externaltools.gnu-tools-for-stm32.13.3.rel1.win32_1.0.0.202411081344/tools/bin/../lib/gcc/arm-none-eabi/13.3.1/../../../../arm-none-eabi/lib/thumb/v6-m/nofp\libc_nano.a(libc_a-msizer.o)
 .ARM.attributes
                0x000008f3       0x1e C:/ST/STM32CubeIDE_1.11.2/STM32CubeIDE/plugins/com.st.stm32cube.ide.mcu.externaltools.gnu-tools-for-stm32.13.3.rel1.win32_1.0.0.202411081344/tools/bin/../lib/gcc/arm-none-eabi/13.3.1/thumb/v6-m/nofp\libgcc.a(_thumb1_case_shi.o)
 .ARM.attributes
                0x00000911       0x1e C:/ST/STM32CubeIDE_1.11.2/STM32CubeIDE/plugins/com.st.stm32cube.ide.mcu.externaltools.gnu-tools-for-stm32.13.3.rel1.win32_1.0.0.202411081344/tools/bin/../lib/gcc/arm-none-eabi/13.3.1/thumb/v6-m/nofp\libgcc.a(_udivsi3.o)
 .ARM.attributes
                0x0000092f       0x1e C:/ST/STM32CubeIDE_1.11.2/STM32CubeIDE/plugins/com.st.stm32cube.ide.mcu.externaltools.gnu-tools-for-stm32.13.3.rel1.win32_1.0.0.202411081344/tools/bin/../lib/gcc/arm-none-eabi/13.3.1/thumb/v6-m/nofp\libgcc.a(_dvmd_tls.o)
 .ARM.attributes
                0x0000094d       0x1e C:/ST/STM32CubeIDE_1.11.2/STM32CubeIDE/plugins/com.st.stm32cube.ide.mcu.externaltools.gnu-tools-for-stm32.13.3.rel1.win32_1.0.0.202411081344/tools/bin/../lib/gcc/arm-none-eabi/13.3.1/thumb/v6-m/nofp/crtn.o
OUTPUT(Teclado PPA-01.elf elf32-littlearm)
LOAD linker stubs
LOAD C:/ST/STM32CubeIDE_1.11.2/STM32CubeIDE/plugins/com.st.stm32cube.ide.mcu.externaltools.gnu-tools-for-stm32.13.3.rel1.win32_1.0.0.202411081344/tools/bin/../lib/gcc/arm-none-eabi/13.3.1/../../../../arm-none-eabi/lib/thumb/v6-m/nofp\libc.a
LOAD C:/ST/STM32CubeIDE_1.11.2/STM32CubeIDE/plugins/com.st.stm32cube.ide.mcu.externaltools.gnu-tools-for-stm32.13.3.rel1.win32_1.0.0.202411081344/tools/bin/../lib/gcc/arm-none-eabi/13.3.1/../../../../arm-none-eabi/lib/thumb/v6-m/nofp\libm.a
LOAD C:/ST/STM32CubeIDE_1.11.2/STM32CubeIDE/plugins/com.st.stm32cube.ide.mcu.externaltools.gnu-tools-for-stm32.13.3.rel1.win32_1.0.0.202411081344/tools/bin/../lib/gcc/arm-none-eabi/13.3.1/thumb/v6-m/nofp\libgcc.a

.debug_info     0x00000000    0x14c5b
 .debug_info    0x00000000      0x382 ./Core/Src/Scheduler.o
 .debug_info    0x00000382      0x4c8 ./Core/Src/Utils.o
 .debug_info    0x0000084a     0x1bcc ./Core/Src/main.o
 .debug_info    0x00002416     0x1169 ./Core/Src/stm32f0xx_hal_msp.o
 .debug_info    0x0000357f      0xa04 ./Core/Src/stm32f0xx_it.o
 .debug_info    0x00003f83      0x168 ./Core/Src/sysmem.o
 .debug_info    0x000040eb      0x242 ./Core/Src/system_stm32f0xx.o
 .debug_info    0x0000432d      0xa14 ./Core/Src/subrotinas/SubrotinasConfiguracoes.o
 .debug_info    0x00004d41      0x393 ./Core/Src/subrotinas/SubrotinasLCD.o
 .debug_info    0x000050d4      0x147 ./Core/Src/subrotinas/SubrotinasProtocoloRS485.o
 .debug_info    0x0000521b      0x979 ./Core/Src/subrotinas/SubrotinasTeclado.o
 .debug_info    0x00005b94      0x8c0 ./Core/Src/utilities/UtilityEeprom.o
 .debug_info    0x00006454      0x38f ./Core/Src/utilities/UtilityGPIO.o
 .debug_info    0x000067e3      0x546 ./Core/Src/utilities/UtilityLCD.o
 .debug_info    0x00006d29      0x3d5 ./Core/Src/utilities/UtilityTeclado.o
 .debug_info    0x000070fe      0x2c4 ./Core/Src/utilities/UtilityUART.o
 .debug_info    0x000073c2       0x30 ./Core/Startup/startup_stm32f072rbtx.o
 .debug_info    0x000073f2      0x6c9 ./Drivers/STM32F0xx_HAL_Driver/Src/stm32f0xx_hal.o
 .debug_info    0x00007abb      0x6c5 ./Drivers/STM32F0xx_HAL_Driver/Src/stm32f0xx_hal_cortex.o
 .debug_info    0x00008180      0x6ea ./Drivers/STM32F0xx_HAL_Driver/Src/stm32f0xx_hal_dma.o
 .debug_info    0x0000886a      0x5a6 ./Drivers/STM32F0xx_HAL_Driver/Src/stm32f0xx_hal_gpio.o
 .debug_info    0x00008e10     0x20c5 ./Drivers/STM32F0xx_HAL_Driver/Src/stm32f0xx_hal_i2c.o
 .debug_info    0x0000aed5      0x824 ./Drivers/STM32F0xx_HAL_Driver/Src/stm32f0xx_hal_i2c_ex.o
 .debug_info    0x0000b6f9      0x1f7 ./Drivers/STM32F0xx_HAL_Driver/Src/stm32f0xx_hal_iwdg.o
 .debug_info    0x0000b8f0      0x83f ./Drivers/STM32F0xx_HAL_Driver/Src/stm32f0xx_hal_rcc.o
 .debug_info    0x0000c12f      0x61c ./Drivers/STM32F0xx_HAL_Driver/Src/stm32f0xx_hal_rcc_ex.o
 .debug_info    0x0000c74b     0x2950 ./Drivers/STM32F0xx_HAL_Driver/Src/stm32f0xx_hal_tim.o
 .debug_info    0x0000f09b     0x1492 ./Drivers/STM32F0xx_HAL_Driver/Src/stm32f0xx_hal_tim_ex.o
 .debug_info    0x0001052d     0x3aa2 ./Drivers/STM32F0xx_HAL_Driver/Src/stm32f0xx_hal_uart.o
 .debug_info    0x00013fcf      0xc8c ./Drivers/STM32F0xx_HAL_Driver/Src/stm32f0xx_hal_uart_ex.o

.debug_abbrev   0x00000000     0x3725
 .debug_abbrev  0x00000000      0x182 ./Core/Src/Scheduler.o
 .debug_abbrev  0x00000182      0x14b ./Core/Src/Utils.o
 .debug_abbrev  0x000002cd      0x354 ./Core/Src/main.o
 .debug_abbrev  0x00000621      0x215 ./Core/Src/stm32f0xx_hal_msp.o
 .debug_abbrev  0x00000836      0x19c ./Core/Src/stm32f0xx_it.o
 .debug_abbrev  0x000009d2       0xbc ./Core/Src/sysmem.o
 .debug_abbrev  0x00000a8e      0x11c ./Core/Src/system_stm32f0xx.o
 .debug_abbrev  0x00000baa      0x25a ./Core/Src/subrotinas/SubrotinasConfiguracoes.o
 .debug_abbrev  0x00000e04      0x138 ./Core/Src/subrotinas/SubrotinasLCD.o
 .debug_abbrev  0x00000f3c       0xd6 ./Core/Src/subrotinas/SubrotinasProtocoloRS485.o
 .debug_abbrev  0x00001012      0x1af ./Core/Src/subrotinas/SubrotinasTeclado.o
 .debug_abbrev  0x000011c1      0x24b ./Core/Src/utilities/UtilityEeprom.o
 .debug_abbrev  0x0000140c      0x18b ./Core/Src/utilities/UtilityGPIO.o
 .debug_abbrev  0x00001597      0x213 ./Core/Src/utilities/UtilityLCD.o
 .debug_abbrev  0x000017aa      0x199 ./Core/Src/utilities/UtilityTeclado.o
 .debug_abbrev  0x00001943      0x11c ./Core/Src/utilities/UtilityUART.o
 .debug_abbrev  0x00001a5f       0x24 ./Core/Startup/startup_stm32f072rbtx.o
 .debug_abbrev  0x00001a83      0x213 ./Drivers/STM32F0xx_HAL_Driver/Src/stm32f0xx_hal.o
 .debug_abbrev  0x00001c96      0x28c ./Drivers/STM32F0xx_HAL_Driver/Src/stm32f0xx_hal_cortex.o
 .debug_abbrev  0x00001f22      0x224 ./Drivers/STM32F0xx_HAL_Driver/Src/stm32f0xx_hal_dma.o
 .debug_abbrev  0x00002146      0x1cb ./Drivers/STM32F0xx_HAL_Driver/Src/stm32f0xx_hal_gpio.o
 .debug_abbrev  0x00002311      0x261 ./Drivers/STM32F0xx_HAL_Driver/Src/stm32f0xx_hal_i2c.o
 .debug_abbrev  0x00002572      0x1c3 ./Drivers/STM32F0xx_HAL_Driver/Src/stm32f0xx_hal_i2c_ex.o
 .debug_abbrev  0x00002735      0x14d ./Drivers/STM32F0xx_HAL_Driver/Src/stm32f0xx_hal_iwdg.o
 .debug_abbrev  0x00002882      0x28c ./Drivers/STM32F0xx_HAL_Driver/Src/stm32f0xx_hal_rcc.o
 .debug_abbrev  0x00002b0e      0x1a6 ./Drivers/STM32F0xx_HAL_Driver/Src/stm32f0xx_hal_rcc_ex.o
 .debug_abbrev  0x00002cb4      0x278 ./Drivers/STM32F0xx_HAL_Driver/Src/stm32f0xx_hal_tim.o
 .debug_abbrev  0x00002f2c      0x283 ./Drivers/STM32F0xx_HAL_Driver/Src/stm32f0xx_hal_tim_ex.o
 .debug_abbrev  0x000031af      0x2cd ./Drivers/STM32F0xx_HAL_Driver/Src/stm32f0xx_hal_uart.o
 .debug_abbrev  0x0000347c      0x2a9 ./Drivers/STM32F0xx_HAL_Driver/Src/stm32f0xx_hal_uart_ex.o

.debug_aranges  0x00000000     0x12c8
 .debug_aranges
                0x00000000       0x48 ./Core/Src/Scheduler.o
 .debug_aranges
                0x00000048       0x80 ./Core/Src/Utils.o
 .debug_aranges
                0x000000c8       0x80 ./Core/Src/main.o
 .debug_aranges
                0x00000148       0x50 ./Core/Src/stm32f0xx_hal_msp.o
 .debug_aranges
                0x00000198       0x50 ./Core/Src/stm32f0xx_it.o
 .debug_aranges
                0x000001e8       0x20 ./Core/Src/sysmem.o
 .debug_aranges
                0x00000208       0x28 ./Core/Src/system_stm32f0xx.o
 .debug_aranges
                0x00000230       0x38 ./Core/Src/subrotinas/SubrotinasConfiguracoes.o
 .debug_aranges
                0x00000268       0x40 ./Core/Src/subrotinas/SubrotinasLCD.o
 .debug_aranges
                0x000002a8       0x20 ./Core/Src/subrotinas/SubrotinasProtocoloRS485.o
 .debug_aranges
                0x000002c8       0x20 ./Core/Src/subrotinas/SubrotinasTeclado.o
 .debug_aranges
                0x000002e8       0x50 ./Core/Src/utilities/UtilityEeprom.o
 .debug_aranges
                0x00000338       0x50 ./Core/Src/utilities/UtilityGPIO.o
 .debug_aranges
                0x00000388       0x78 ./Core/Src/utilities/UtilityLCD.o
 .debug_aranges
                0x00000400       0x30 ./Core/Src/utilities/UtilityTeclado.o
 .debug_aranges
                0x00000430       0x28 ./Core/Src/utilities/UtilityUART.o
 .debug_aranges
                0x00000458       0x28 ./Core/Startup/startup_stm32f072rbtx.o
 .debug_aranges
                0x00000480       0xd0 ./Drivers/STM32F0xx_HAL_Driver/Src/stm32f0xx_hal.o
 .debug_aranges
                0x00000550       0xc0 ./Drivers/STM32F0xx_HAL_Driver/Src/stm32f0xx_hal_cortex.o
 .debug_aranges
                0x00000610       0x88 ./Drivers/STM32F0xx_HAL_Driver/Src/stm32f0xx_hal_dma.o
 .debug_aranges
                0x00000698       0x58 ./Drivers/STM32F0xx_HAL_Driver/Src/stm32f0xx_hal_gpio.o
 .debug_aranges
                0x000006f0      0x2a0 ./Drivers/STM32F0xx_HAL_Driver/Src/stm32f0xx_hal_i2c.o
 .debug_aranges
                0x00000990       0x48 ./Drivers/STM32F0xx_HAL_Driver/Src/stm32f0xx_hal_i2c_ex.o
 .debug_aranges
                0x000009d8       0x28 ./Drivers/STM32F0xx_HAL_Driver/Src/stm32f0xx_hal_iwdg.o
 .debug_aranges
                0x00000a00       0x80 ./Drivers/STM32F0xx_HAL_Driver/Src/stm32f0xx_hal_rcc.o
 .debug_aranges
                0x00000a80       0x78 ./Drivers/STM32F0xx_HAL_Driver/Src/stm32f0xx_hal_rcc_ex.o
 .debug_aranges
                0x00000af8      0x3d0 ./Drivers/STM32F0xx_HAL_Driver/Src/stm32f0xx_hal_tim.o
 .debug_aranges
                0x00000ec8      0x168 ./Drivers/STM32F0xx_HAL_Driver/Src/stm32f0xx_hal_tim_ex.o
 .debug_aranges
                0x00001030      0x228 ./Drivers/STM32F0xx_HAL_Driver/Src/stm32f0xx_hal_uart.o
 .debug_aranges
                0x00001258       0x70 ./Drivers/STM32F0xx_HAL_Driver/Src/stm32f0xx_hal_uart_ex.o

.debug_rnglists
                0x00000000      0xed7
 .debug_rnglists
                0x00000000       0x34 ./Core/Src/Scheduler.o
 .debug_rnglists
                0x00000034       0x5e ./Core/Src/Utils.o
 .debug_rnglists
                0x00000092       0x60 ./Core/Src/main.o
 .debug_rnglists
                0x000000f2       0x39 ./Core/Src/stm32f0xx_hal_msp.o
 .debug_rnglists
                0x0000012b       0x37 ./Core/Src/stm32f0xx_it.o
 .debug_rnglists
                0x00000162       0x13 ./Core/Src/sysmem.o
 .debug_rnglists
                0x00000175       0x1a ./Core/Src/system_stm32f0xx.o
 .debug_rnglists
                0x0000018f       0x29 ./Core/Src/subrotinas/SubrotinasConfiguracoes.o
 .debug_rnglists
                0x000001b8       0x2e ./Core/Src/subrotinas/SubrotinasLCD.o
 .debug_rnglists
                0x000001e6       0x13 ./Core/Src/subrotinas/SubrotinasProtocoloRS485.o
 .debug_rnglists
                0x000001f9       0x14 ./Core/Src/subrotinas/SubrotinasTeclado.o
 .debug_rnglists
                0x0000020d       0x76 ./Core/Src/utilities/UtilityEeprom.o
 .debug_rnglists
                0x00000283       0x37 ./Core/Src/utilities/UtilityGPIO.o
 .debug_rnglists
                0x000002ba       0x59 ./Core/Src/utilities/UtilityLCD.o
 .debug_rnglists
                0x00000313       0x20 ./Core/Src/utilities/UtilityTeclado.o
 .debug_rnglists
                0x00000333       0x1a ./Core/Src/utilities/UtilityUART.o
 .debug_rnglists
                0x0000034d       0x19 ./Core/Startup/startup_stm32f072rbtx.o
 .debug_rnglists
                0x00000366       0x97 ./Drivers/STM32F0xx_HAL_Driver/Src/stm32f0xx_hal.o
 .debug_rnglists
                0x000003fd       0x8c ./Drivers/STM32F0xx_HAL_Driver/Src/stm32f0xx_hal_cortex.o
 .debug_rnglists
                0x00000489       0x6a ./Drivers/STM32F0xx_HAL_Driver/Src/stm32f0xx_hal_dma.o
 .debug_rnglists
                0x000004f3       0x3f ./Drivers/STM32F0xx_HAL_Driver/Src/stm32f0xx_hal_gpio.o
 .debug_rnglists
                0x00000532      0x229 ./Drivers/STM32F0xx_HAL_Driver/Src/stm32f0xx_hal_i2c.o
 .debug_rnglists
                0x0000075b       0x35 ./Drivers/STM32F0xx_HAL_Driver/Src/stm32f0xx_hal_i2c_ex.o
 .debug_rnglists
                0x00000790       0x1a ./Drivers/STM32F0xx_HAL_Driver/Src/stm32f0xx_hal_iwdg.o
 .debug_rnglists
                0x000007aa       0x61 ./Drivers/STM32F0xx_HAL_Driver/Src/stm32f0xx_hal_rcc.o
 .debug_rnglists
                0x0000080b       0x5b ./Drivers/STM32F0xx_HAL_Driver/Src/stm32f0xx_hal_rcc_ex.o
 .debug_rnglists
                0x00000866      0x31c ./Drivers/STM32F0xx_HAL_Driver/Src/stm32f0xx_hal_tim.o
 .debug_rnglists
                0x00000b82      0x126 ./Drivers/STM32F0xx_HAL_Driver/Src/stm32f0xx_hal_tim_ex.o
 .debug_rnglists
                0x00000ca8      0x1db ./Drivers/STM32F0xx_HAL_Driver/Src/stm32f0xx_hal_uart.o
 .debug_rnglists
                0x00000e83       0x54 ./Drivers/STM32F0xx_HAL_Driver/Src/stm32f0xx_hal_uart_ex.o

.debug_macro    0x00000000    0x1bd63
 .debug_macro   0x00000000      0x1e4 ./Core/Src/Scheduler.o
 .debug_macro   0x000001e4      0xaae ./Core/Src/Scheduler.o
 .debug_macro   0x00000c92      0x139 ./Core/Src/Scheduler.o
 .debug_macro   0x00000dcb       0x2e ./Core/Src/Scheduler.o
 .debug_macro   0x00000df9       0x22 ./Core/Src/Scheduler.o
 .debug_macro   0x00000e1b       0x22 ./Core/Src/Scheduler.o
 .debug_macro   0x00000e3d       0x8e ./Core/Src/Scheduler.o
 .debug_macro   0x00000ecb       0x51 ./Core/Src/Scheduler.o
 .debug_macro   0x00000f1c      0x103 ./Core/Src/Scheduler.o
 .debug_macro   0x0000101f       0x6a ./Core/Src/Scheduler.o
 .debug_macro   0x00001089      0x1df ./Core/Src/Scheduler.o
 .debug_macro   0x00001268       0x1c ./Core/Src/Scheduler.o
 .debug_macro   0x00001284       0x22 ./Core/Src/Scheduler.o
 .debug_macro   0x000012a6       0xaf ./Core/Src/Scheduler.o
 .debug_macro   0x00001355      0x391 ./Core/Src/Scheduler.o
 .debug_macro   0x000016e6     0xfe73 ./Core/Src/Scheduler.o
 .debug_macro   0x00011559       0x66 ./Core/Src/Scheduler.o
 .debug_macro   0x000115bf     0x34da ./Core/Src/Scheduler.o
 .debug_macro   0x00014a99      0x190 ./Core/Src/Scheduler.o
 .debug_macro   0x00014c29       0x55 ./Core/Src/Scheduler.o
 .debug_macro   0x00014c7e      0x946 ./Core/Src/Scheduler.o
 .debug_macro   0x000155c4      0x5f3 ./Core/Src/Scheduler.o
 .debug_macro   0x00015bb7      0x1ae ./Core/Src/Scheduler.o
 .debug_macro   0x00015d65      0x1a7 ./Core/Src/Scheduler.o
 .debug_macro   0x00015f0c      0x1a7 ./Core/Src/Scheduler.o
 .debug_macro   0x000160b3      0x22c ./Core/Src/Scheduler.o
 .debug_macro   0x000162df       0x34 ./Core/Src/Scheduler.o
 .debug_macro   0x00016313       0x43 ./Core/Src/Scheduler.o
 .debug_macro   0x00016356       0x28 ./Core/Src/Scheduler.o
 .debug_macro   0x0001637e       0xb0 ./Core/Src/Scheduler.o
 .debug_macro   0x0001642e      0x217 ./Core/Src/Scheduler.o
 .debug_macro   0x00016645      0x22c ./Core/Src/Scheduler.o
 .debug_macro   0x00016871       0x61 ./Core/Src/Scheduler.o
 .debug_macro   0x000168d2       0xa5 ./Core/Src/Scheduler.o
 .debug_macro   0x00016977       0x85 ./Core/Src/Scheduler.o
 .debug_macro   0x000169fc       0x4c ./Core/Src/Scheduler.o
 .debug_macro   0x00016a48      0x16d ./Core/Src/Scheduler.o
 .debug_macro   0x00016bb5      0x8f4 ./Core/Src/Scheduler.o
 .debug_macro   0x000174a9       0x28 ./Core/Src/Scheduler.o
 .debug_macro   0x000174d1      0x5ba ./Core/Src/Scheduler.o
 .debug_macro   0x00017a8b       0x44 ./Core/Src/Scheduler.o
 .debug_macro   0x00017acf      0x130 ./Core/Src/Scheduler.o
 .debug_macro   0x00017bff      0x100 ./Core/Src/Scheduler.o
 .debug_macro   0x00017cff       0x28 ./Core/Src/Scheduler.o
 .debug_macro   0x00017d27      0x1e4 ./Core/Src/Utils.o
 .debug_macro   0x00017f0b      0x2b2 ./Core/Src/main.o
 .debug_macro   0x000181bd       0x61 ./Core/Src/main.o
 .debug_macro   0x0001821e       0x24 ./Core/Src/main.o
 .debug_macro   0x00018242       0x43 ./Core/Src/main.o
 .debug_macro   0x00018285       0x34 ./Core/Src/main.o
 .debug_macro   0x000182b9      0x370 ./Core/Src/main.o
 .debug_macro   0x00018629       0x16 ./Core/Src/main.o
 .debug_macro   0x0001863f       0x4a ./Core/Src/main.o
 .debug_macro   0x00018689       0x34 ./Core/Src/main.o
 .debug_macro   0x000186bd       0x10 ./Core/Src/main.o
 .debug_macro   0x000186cd       0x58 ./Core/Src/main.o
 .debug_macro   0x00018725       0x8e ./Core/Src/main.o
 .debug_macro   0x000187b3       0x1c ./Core/Src/main.o
 .debug_macro   0x000187cf      0x185 ./Core/Src/main.o
 .debug_macro   0x00018954       0x10 ./Core/Src/main.o
 .debug_macro   0x00018964       0x3c ./Core/Src/main.o
 .debug_macro   0x000189a0       0x20 ./Core/Src/main.o
 .debug_macro   0x000189c0      0x1db ./Core/Src/stm32f0xx_hal_msp.o
 .debug_macro   0x00018b9b      0x1e5 ./Core/Src/stm32f0xx_it.o
 .debug_macro   0x00018d80      0x112 ./Core/Src/sysmem.o
 .debug_macro   0x00018e92      0x23c ./Core/Src/sysmem.o
 .debug_macro   0x000190ce      0x1cc ./Core/Src/system_stm32f0xx.o
 .debug_macro   0x0001929a      0x2b8 ./Core/Src/subrotinas/SubrotinasConfiguracoes.o
 .debug_macro   0x00019552      0x1ea ./Core/Src/subrotinas/SubrotinasLCD.o
 .debug_macro   0x0001973c      0x1e4 ./Core/Src/subrotinas/SubrotinasProtocoloRS485.o
 .debug_macro   0x00019920      0x1e4 ./Core/Src/subrotinas/SubrotinasTeclado.o
 .debug_macro   0x00019b04      0x21a ./Core/Src/utilities/UtilityEeprom.o
 .debug_macro   0x00019d1e      0x1ea ./Core/Src/utilities/UtilityGPIO.o
 .debug_macro   0x00019f08      0x1f0 ./Core/Src/utilities/UtilityLCD.o
 .debug_macro   0x0001a0f8      0x1e4 ./Core/Src/utilities/UtilityTeclado.o
 .debug_macro   0x0001a2dc      0x1e4 ./Core/Src/utilities/UtilityUART.o
 .debug_macro   0x0001a4c0      0x1f0 ./Drivers/STM32F0xx_HAL_Driver/Src/stm32f0xx_hal.o
 .debug_macro   0x0001a6b0      0x1cc ./Drivers/STM32F0xx_HAL_Driver/Src/stm32f0xx_hal_cortex.o
 .debug_macro   0x0001a87c      0x1cc ./Drivers/STM32F0xx_HAL_Driver/Src/stm32f0xx_hal_dma.o
 .debug_macro   0x0001aa48      0x1d3 ./Drivers/STM32F0xx_HAL_Driver/Src/stm32f0xx_hal_gpio.o
 .debug_macro   0x0001ac1b      0x298 ./Drivers/STM32F0xx_HAL_Driver/Src/stm32f0xx_hal_i2c.o
 .debug_macro   0x0001aeb3      0x1cc ./Drivers/STM32F0xx_HAL_Driver/Src/stm32f0xx_hal_i2c_ex.o
 .debug_macro   0x0001b07f      0x1da ./Drivers/STM32F0xx_HAL_Driver/Src/stm32f0xx_hal_iwdg.o
 .debug_macro   0x0001b259      0x1de ./Drivers/STM32F0xx_HAL_Driver/Src/stm32f0xx_hal_rcc.o
 .debug_macro   0x0001b437      0x1de ./Drivers/STM32F0xx_HAL_Driver/Src/stm32f0xx_hal_rcc_ex.o
 .debug_macro   0x0001b615      0x1cd ./Drivers/STM32F0xx_HAL_Driver/Src/stm32f0xx_hal_tim.o
 .debug_macro   0x0001b7e2      0x1cc ./Drivers/STM32F0xx_HAL_Driver/Src/stm32f0xx_hal_tim_ex.o
 .debug_macro   0x0001b9ae      0x1e9 ./Drivers/STM32F0xx_HAL_Driver/Src/stm32f0xx_hal_uart.o
 .debug_macro   0x0001bb97      0x1cc ./Drivers/STM32F0xx_HAL_Driver/Src/stm32f0xx_hal_uart_ex.o

.debug_line     0x00000000    0x1ae7c
 .debug_line    0x00000000      0x897 ./Core/Src/Scheduler.o
 .debug_line    0x00000897      0x9dd ./Core/Src/Utils.o
 .debug_line    0x00001274      0xc04 ./Core/Src/main.o
 .debug_line    0x00001e78      0x873 ./Core/Src/stm32f0xx_hal_msp.o
 .debug_line    0x000026eb      0x807 ./Core/Src/stm32f0xx_it.o
 .debug_line    0x00002ef2      0x588 ./Core/Src/sysmem.o
 .debug_line    0x0000347a      0x802 ./Core/Src/system_stm32f0xx.o
 .debug_line    0x00003c7c      0xe52 ./Core/Src/subrotinas/SubrotinasConfiguracoes.o
 .debug_line    0x00004ace      0x876 ./Core/Src/subrotinas/SubrotinasLCD.o
 .debug_line    0x00005344      0x7b0 ./Core/Src/subrotinas/SubrotinasProtocoloRS485.o
 .debug_line    0x00005af4      0xa70 ./Core/Src/subrotinas/SubrotinasTeclado.o
 .debug_line    0x00006564      0xa03 ./Core/Src/utilities/UtilityEeprom.o
 .debug_line    0x00006f67      0x856 ./Core/Src/utilities/UtilityGPIO.o
 .debug_line    0x000077bd      0xa1f ./Core/Src/utilities/UtilityLCD.o
 .debug_line    0x000081dc      0x897 ./Core/Src/utilities/UtilityTeclado.o
 .debug_line    0x00008a73      0x81e ./Core/Src/utilities/UtilityUART.o
 .debug_line    0x00009291       0x7b ./Core/Startup/startup_stm32f072rbtx.o
 .debug_line    0x0000930c      0x9f9 ./Drivers/STM32F0xx_HAL_Driver/Src/stm32f0xx_hal.o
 .debug_line    0x00009d05      0xaa1 ./Drivers/STM32F0xx_HAL_Driver/Src/stm32f0xx_hal_cortex.o
 .debug_line    0x0000a7a6      0xcfd ./Drivers/STM32F0xx_HAL_Driver/Src/stm32f0xx_hal_dma.o
 .debug_line    0x0000b4a3      0xb73 ./Drivers/STM32F0xx_HAL_Driver/Src/stm32f0xx_hal_gpio.o
 .debug_line    0x0000c016     0x378d ./Drivers/STM32F0xx_HAL_Driver/Src/stm32f0xx_hal_i2c.o
 .debug_line    0x0000f7a3      0x8e0 ./Drivers/STM32F0xx_HAL_Driver/Src/stm32f0xx_hal_i2c_ex.o
 .debug_line    0x00010083      0x80e ./Drivers/STM32F0xx_HAL_Driver/Src/stm32f0xx_hal_iwdg.o