../Core/Src/main.c:137:6:HAL_TIM_PeriodElapsedCallback	2
../Core/Src/main.c:143:6:delayMicro	2
../Core/Src/main.c:149:6:reiniciaWatchDog	1
../Core/Src/main.c:153:6:HAL_UART_RxCpltCallback	4
../Core/Src/main.c:174:5:main	1
../Core/Src/main.c:236:6:SystemClock_Config	4
../Core/Src/main.c:279:13:MX_I2C2_Init	4
../Core/Src/main.c:327:13:MX_IWDG_Init	2
../Core/Src/main.c:356:13:MX_TIM2_Init	4
../Core/Src/main.c:401:13:MX_TIM3_Init	4
../Core/Src/main.c:446:13:MX_USART2_UART_Init	2
../Core/Src/main.c:479:13:MX_DMA_Init	1
../Core/Src/main.c:497:13:MX_GPIO_Init	1
../Core/Src/main.c:576:6:Error_Handler	1
