../Core/Src/main.c:134:6:HAL_TIM_PeriodElapsedCallback	16	static
../Core/Src/main.c:140:6:delayMicro	16	static
../Core/Src/main.c:146:6:reiniciaWatchDog	8	static
../Core/Src/main.c:150:6:HAL_UART_RxCpltCallback	16	static
../Core/Src/main.c:171:5:main	8	static
../Core/Src/main.c:237:6:SystemClock_Config	112	static
../Core/Src/main.c:280:13:MX_I2C2_Init	8	static
../Core/Src/main.c:328:13:MX_IWDG_Init	8	static
../Core/Src/main.c:357:13:MX_TIM2_Init	32	static
../Core/Src/main.c:402:13:MX_TIM3_Init	32	static
../Core/Src/main.c:447:13:MX_USART2_UART_Init	8	static
../Core/Src/main.c:482:13:MX_GPIO_Init	48	static
../Core/Src/main.c:561:6:Error_Handler	8	static,ignoring_inline_asm
