../Core/Src/main.c:134:6:HAL_TIM_PeriodElapsedCallback	2
../Core/Src/main.c:140:6:delayMicro	2
../Core/Src/main.c:146:6:reiniciaWatchDog	1
../Core/Src/main.c:150:6:HAL_UART_RxCpltCallback	5
../Core/Src/main.c:175:5:main	1
../Core/Src/main.c:241:6:SystemClock_Config	4
../Core/Src/main.c:284:13:MX_I2C2_Init	4
../Core/Src/main.c:332:13:MX_IWDG_Init	2
../Core/Src/main.c:361:13:MX_TIM2_Init	4
../Core/Src/main.c:406:13:MX_TIM3_Init	4
../Core/Src/main.c:451:13:MX_USART2_UART_Init	2
../Core/Src/main.c:486:13:MX_GPIO_Init	1
../Core/Src/main.c:565:6:Error_Handler	1
